Component: Arm Compiler for Embedded 6.22 Tool: armlink [5ee90200]

==============================================================================

Section Cross References

    main.o(.text.SysTick_Handler) refers to delay.o(.text.delay_tick) for delay_tick
    main.o(.ARM.exidx.text.SysTick_Handler) refers to main.o(.text.SysTick_Handler) for [Anonymous Symbol]
    main.o(.text.main) refers to system_stm32l0xx.o(.text.SystemInit) for SystemInit
    main.o(.text.main) refers to aeabi_sdiv.o(.text) for __aeabi_uidiv
    main.o(.text.main) refers to main.o(.text.SysTick_Config) for SysTick_Config
    main.o(.text.main) refers to stm32l0xx_hal_gpio.o(.text.HAL_GPIO_Init) for HAL_GPIO_Init
    main.o(.text.main) refers to main.o(.text.I2C1_Init) for I2C1_Init
    main.o(.text.main) refers to delay.o(.text.delay) for delay
    main.o(.text.main) refers to ssd1306.o(.text.SSD1306_Init) for SSD1306_Init
    main.o(.text.main) refers to ssd1306.o(.text.SSD1306_Clear) for SSD1306_Clear
    main.o(.text.main) refers to ssd1306.o(.text.SSD1306_SetCursor) for SSD1306_SetCursor
    main.o(.text.main) refers to ssd1306.o(.text.SSD1306_WriteString) for SSD1306_WriteString
    main.o(.text.main) refers to stm32l0xx_hal_gpio.o(.text.HAL_GPIO_WritePin) for HAL_GPIO_WritePin
    main.o(.text.main) refers to system_stm32l0xx.o(.data.SystemCoreClock) for SystemCoreClock
    main.o(.text.main) refers to main.o(.rodata.str1.1) for [Anonymous Symbol]
    main.o(.ARM.exidx.text.main) refers to main.o(.text.main) for [Anonymous Symbol]
    main.o(.text.SysTick_Config) refers to main.o(.text.__NVIC_SetPriority) for __NVIC_SetPriority
    main.o(.ARM.exidx.text.SysTick_Config) refers to main.o(.text.SysTick_Config) for [Anonymous Symbol]
    main.o(.text.I2C1_Init) refers to stm32l0xx_hal_gpio.o(.text.HAL_GPIO_Init) for HAL_GPIO_Init
    main.o(.text.I2C1_Init) refers to stm32l0xx_hal_i2c.o(.text.HAL_I2C_Init) for HAL_I2C_Init
    main.o(.text.I2C1_Init) refers to main.o(.bss.hi2c1) for hi2c1
    main.o(.ARM.exidx.text.I2C1_Init) refers to main.o(.text.I2C1_Init) for [Anonymous Symbol]
    main.o(.text.SystemClock_Config) refers to rt_memclr.o(.text) for __aeabi_memclr4
    main.o(.text.SystemClock_Config) refers to stm32l0xx_hal_rcc.o(.text.HAL_RCC_OscConfig) for HAL_RCC_OscConfig
    main.o(.text.SystemClock_Config) refers to stm32l0xx_hal_rcc.o(.text.HAL_RCC_ClockConfig) for HAL_RCC_ClockConfig
    main.o(.ARM.exidx.text.SystemClock_Config) refers to main.o(.text.SystemClock_Config) for [Anonymous Symbol]
    main.o(.ARM.exidx.text.__NVIC_SetPriority) refers to main.o(.text.__NVIC_SetPriority) for [Anonymous Symbol]
    delay.o(.text.delay_tick) refers to delay.o(.bss.delay_time) for delay_time
    delay.o(.ARM.exidx.text.delay_tick) refers to delay.o(.text.delay_tick) for [Anonymous Symbol]
    delay.o(.text.delay) refers to delay.o(.bss.delay_time) for delay_time
    delay.o(.ARM.exidx.text.delay) refers to delay.o(.text.delay) for [Anonymous Symbol]
    ssd1306.o(.text.SSD1306_Init) refers to ssd1306.o(.text.SSD1306_SendCommand) for SSD1306_SendCommand
    ssd1306.o(.ARM.exidx.text.SSD1306_Init) refers to ssd1306.o(.text.SSD1306_Init) for [Anonymous Symbol]
    ssd1306.o(.text.SSD1306_SendCommand) refers to stm32l0xx_hal_i2c.o(.text.HAL_I2C_Master_Transmit) for HAL_I2C_Master_Transmit
    ssd1306.o(.text.SSD1306_SendCommand) refers to main.o(.bss.hi2c1) for hi2c1
    ssd1306.o(.ARM.exidx.text.SSD1306_SendCommand) refers to ssd1306.o(.text.SSD1306_SendCommand) for [Anonymous Symbol]
    ssd1306.o(.text.SSD1306_Clear) refers to rt_memclr.o(.text) for __aeabi_memclr
    ssd1306.o(.text.SSD1306_Clear) refers to ssd1306.o(.text.SSD1306_SendCommand) for SSD1306_SendCommand
    ssd1306.o(.text.SSD1306_Clear) refers to ssd1306.o(.text.SSD1306_SendData) for SSD1306_SendData
    ssd1306.o(.ARM.exidx.text.SSD1306_Clear) refers to ssd1306.o(.text.SSD1306_Clear) for [Anonymous Symbol]
    ssd1306.o(.text.SSD1306_SendData) refers to rt_memcpy.o(.text) for __aeabi_memcpy
    ssd1306.o(.text.SSD1306_SendData) refers to stm32l0xx_hal_i2c.o(.text.HAL_I2C_Master_Transmit) for HAL_I2C_Master_Transmit
    ssd1306.o(.text.SSD1306_SendData) refers to main.o(.bss.hi2c1) for hi2c1
    ssd1306.o(.ARM.exidx.text.SSD1306_SendData) refers to ssd1306.o(.text.SSD1306_SendData) for [Anonymous Symbol]
    ssd1306.o(.text.SSD1306_AllOn) refers to aeabi_memset.o(.text) for __aeabi_memset
    ssd1306.o(.text.SSD1306_AllOn) refers to ssd1306.o(.text.SSD1306_SendCommand) for SSD1306_SendCommand
    ssd1306.o(.text.SSD1306_AllOn) refers to ssd1306.o(.text.SSD1306_SendData) for SSD1306_SendData
    ssd1306.o(.ARM.exidx.text.SSD1306_AllOn) refers to ssd1306.o(.text.SSD1306_AllOn) for [Anonymous Symbol]
    ssd1306.o(.text.SSD1306_SetCursor) refers to ssd1306.o(.text.SSD1306_SendCommand) for SSD1306_SendCommand
    ssd1306.o(.ARM.exidx.text.SSD1306_SetCursor) refers to ssd1306.o(.text.SSD1306_SetCursor) for [Anonymous Symbol]
[...]
    Removing stm32l0xx_hal.o(.text.HAL_DBGMCU_EnableDBGStopMode), (16 bytes).
    Removing stm32l0xx_hal.o(.ARM.exidx.text.HAL_DBGMCU_EnableDBGStopMode), (8 bytes).
    Removing stm32l0xx_hal.o(.text.HAL_DBGMCU_DisableDBGStopMode), (16 bytes).
    Removing stm32l0xx_hal.o(.ARM.exidx.text.HAL_DBGMCU_DisableDBGStopMode), (8 bytes).
    Removing stm32l0xx_hal.o(.text.HAL_DBGMCU_EnableDBGStandbyMode), (16 bytes).
    Removing stm32l0xx_hal.o(.ARM.exidx.text.HAL_DBGMCU_EnableDBGStandbyMode), (8 bytes).
    Removing stm32l0xx_hal.o(.text.HAL_DBGMCU_DisableDBGStandbyMode), (16 bytes).
    Removing stm32l0xx_hal.o(.ARM.exidx.text.HAL_DBGMCU_DisableDBGStandbyMode), (8 bytes).
    Removing stm32l0xx_hal.o(.text.HAL_DBGMCU_DBG_EnableLowPowerConfig), (24 bytes).
    Removing stm32l0xx_hal.o(.ARM.exidx.text.HAL_DBGMCU_DBG_EnableLowPowerConfig), (8 bytes).
    Removing stm32l0xx_hal.o(.text.HAL_DBGMCU_DBG_DisableLowPowerConfig), (24 bytes).
    Removing stm32l0xx_hal.o(.ARM.exidx.text.HAL_DBGMCU_DBG_DisableLowPowerConfig), (8 bytes).
    Removing stm32l0xx_hal.o(.text.HAL_SYSCFG_GetBootMode), (16 bytes).
    Removing stm32l0xx_hal.o(.ARM.exidx.text.HAL_SYSCFG_GetBootMode), (8 bytes).
    Removing stm32l0xx_hal.o(.text.HAL_SYSCFG_VREFINT_OutputSelect), (32 bytes).
    Removing stm32l0xx_hal.o(.ARM.exidx.text.HAL_SYSCFG_VREFINT_OutputSelect), (8 bytes).
    Removing stm32l0xx_hal.o(.text.HAL_SYSCFG_Enable_Lock_VREFINT), (20 bytes).
    Removing stm32l0xx_hal.o(.ARM.exidx.text.HAL_SYSCFG_Enable_Lock_VREFINT), (8 bytes).
    Removing stm32l0xx_hal.o(.text.HAL_SYSCFG_Disable_Lock_VREFINT), (20 bytes).
    Removing stm32l0xx_hal.o(.ARM.exidx.text.HAL_SYSCFG_Disable_Lock_VREFINT), (8 bytes).
    Removing stm32l0xx_hal.o(.data.uwTickPrio), (4 bytes).
    Removing stm32l0xx_hal.o(.data.uwTickFreq), (1 bytes).
    Removing stm32l0xx_hal_cortex.o(.text), (0 bytes).
    Removing stm32l0xx_hal_cortex.o(.text.HAL_NVIC_SetPriority), (28 bytes).
    Removing stm32l0xx_hal_cortex.o(.ARM.exidx.text.HAL_NVIC_SetPriority), (8 bytes).
    Removing stm32l0xx_hal_cortex.o(.text.__NVIC_SetPriority), (132 bytes).
    Removing stm32l0xx_hal_cortex.o(.ARM.exidx.text.__NVIC_SetPriority), (8 bytes).
    Removing stm32l0xx_hal_cortex.o(.text.HAL_NVIC_EnableIRQ), (22 bytes).
    Removing stm32l0xx_hal_cortex.o(.ARM.exidx.text.HAL_NVIC_EnableIRQ), (8 bytes).
    Removing stm32l0xx_hal_cortex.o(.text.__NVIC_EnableIRQ), (44 bytes).
    Removing stm32l0xx_hal_cortex.o(.ARM.exidx.text.__NVIC_EnableIRQ), (8 bytes).
    Removing stm32l0xx_hal_cortex.o(.text.HAL_NVIC_DisableIRQ), (22 bytes).
    Removing stm32l0xx_hal_cortex.o(.ARM.exidx.text.HAL_NVIC_DisableIRQ), (8 bytes).
    Removing stm32l0xx_hal_cortex.o(.text.__NVIC_DisableIRQ), (52 bytes).
    Removing stm32l0xx_hal_cortex.o(.ARM.exidx.text.__NVIC_DisableIRQ), (8 bytes).
    Removing stm32l0xx_hal_cortex.o(.text.HAL_NVIC_SystemReset), (4 bytes).
    Removing stm32l0xx_hal_cortex.o(.ARM.exidx.text.HAL_NVIC_SystemReset), (8 bytes).
    Removing stm32l0xx_hal_cortex.o(.text.__NVIC_SystemReset), (28 bytes).
    Removing stm32l0xx_hal_cortex.o(.ARM.exidx.text.__NVIC_SystemReset), (8 bytes).
    Removing stm32l0xx_hal_cortex.o(.text.HAL_SYSTICK_Config), (16 bytes).
    Removing stm32l0xx_hal_cortex.o(.ARM.exidx.text.HAL_SYSTICK_Config), (8 bytes).
    Removing stm32l0xx_hal_cortex.o(.text.SysTick_Config), (80 bytes).
    Removing stm32l0xx_hal_cortex.o(.ARM.exidx.text.SysTick_Config), (8 bytes).
    Removing stm32l0xx_hal_cortex.o(.text.HAL_NVIC_GetPriority), (22 bytes).
    Removing stm32l0xx_hal_cortex.o(.ARM.exidx.text.HAL_NVIC_GetPriority), (8 bytes).
    Removing stm32l0xx_hal_cortex.o(.text.__NVIC_GetPriority), (96 bytes).
    Removing stm32l0xx_hal_cortex.o(.ARM.exidx.text.__NVIC_GetPriority), (8 bytes).
    Removing stm32l0xx_hal_cortex.o(.text.HAL_NVIC_SetPendingIRQ), (22 bytes).
    Removing stm32l0xx_hal_cortex.o(.ARM.exidx.text.HAL_NVIC_SetPendingIRQ), (8 bytes).
    Removing stm32l0xx_hal_cortex.o(.text.__NVIC_SetPendingIRQ), (44 bytes).
    Removing stm32l0xx_hal_cortex.o(.ARM.exidx.text.__NVIC_SetPendingIRQ), (8 bytes).
    Removing stm32l0xx_hal_cortex.o(.text.HAL_NVIC_GetPendingIRQ), (22 bytes).
    Removing stm32l0xx_hal_cortex.o(.ARM.exidx.text.HAL_NVIC_GetPendingIRQ), (8 bytes).
    Removing stm32l0xx_hal_cortex.o(.text.__NVIC_GetPendingIRQ), (56 bytes).
    Removing stm32l0xx_hal_cortex.o(.ARM.exidx.text.__NVIC_GetPendingIRQ), (8 bytes).
    Removing stm32l0xx_hal_cortex.o(.text.HAL_NVIC_ClearPendingIRQ), (22 bytes).
    Removing stm32l0xx_hal_cortex.o(.ARM.exidx.text.HAL_NVIC_ClearPendingIRQ), (8 bytes).
    Removing stm32l0xx_hal_cortex.o(.text.__NVIC_ClearPendingIRQ), (44 bytes).
    Removing stm32l0xx_hal_cortex.o(.ARM.exidx.text.__NVIC_ClearPendingIRQ), (8 bytes).
    Removing stm32l0xx_hal_cortex.o(.text.HAL_SYSTICK_CLKSourceConfig), (44 bytes).
    Removing stm32l0xx_hal_cortex.o(.ARM.exidx.text.HAL_SYSTICK_CLKSourceConfig), (8 bytes).
    Removing stm32l0xx_hal_cortex.o(.text.HAL_SYSTICK_IRQHandler), (8 bytes).
    Removing stm32l0xx_hal_cortex.o(.ARM.exidx.text.HAL_SYSTICK_IRQHandler), (8 bytes).
    Removing stm32l0xx_hal_cortex.o(.text.HAL_SYSTICK_Callback), (2 bytes).
    Removing stm32l0xx_hal_cortex.o(.ARM.exidx.text.HAL_SYSTICK_Callback), (8 bytes).
    Removing stm32l0xx_hal_dma.o(.text), (0 bytes).
    Removing stm32l0xx_hal_dma.o(.text.HAL_DMA_Init), (220 bytes).
    Removing stm32l0xx_hal_dma.o(.ARM.exidx.text.HAL_DMA_Init), (8 bytes).
    Removing stm32l0xx_hal_dma.o(.text.HAL_DMA_DeInit), (172 bytes).
    Removing stm32l0xx_hal_dma.o(.ARM.exidx.text.HAL_DMA_DeInit), (8 bytes).
    Removing stm32l0xx_hal_dma.o(.text.HAL_DMA_Start), (154 bytes).
    Removing stm32l0xx_hal_dma.o(.ARM.exidx.text.HAL_DMA_Start), (8 bytes).
    Removing stm32l0xx_hal_dma.o(.text.DMA_SetConfig), (84 bytes).
    Removing stm32l0xx_hal_dma.o(.ARM.exidx.text.DMA_SetConfig), (8 bytes).
    Removing stm32l0xx_hal_dma.o(.text.HAL_DMA_Start_IT), (202 bytes).
    Removing stm32l0xx_hal_dma.o(.ARM.exidx.text.HAL_DMA_Start_IT), (8 bytes).
    Removing stm32l0xx_hal_dma.o(.text.HAL_DMA_Abort), (122 bytes).
    Removing stm32l0xx_hal_dma.o(.ARM.exidx.text.HAL_DMA_Abort), (8 bytes).
    Removing stm32l0xx_hal_dma.o(.text.HAL_DMA_Abort_IT), (124 bytes).
    Removing stm32l0xx_hal_dma.o(.ARM.exidx.text.HAL_DMA_Abort_IT), (8 bytes).
    Removing stm32l0xx_hal_dma.o(.text.HAL_DMA_PollForTransfer), (368 bytes).
    Removing stm32l0xx_hal_dma.o(.ARM.exidx.text.HAL_DMA_PollForTransfer), (8 bytes).
    Removing stm32l0xx_hal_dma.o(.text.HAL_DMA_IRQHandler), (348 bytes).
    Removing stm32l0xx_hal_dma.o(.ARM.exidx.text.HAL_DMA_IRQHandler), (8 bytes).
    Removing stm32l0xx_hal_dma.o(.text.HAL_DMA_RegisterCallback), (178 bytes).
    Removing stm32l0xx_hal_dma.o(.ARM.exidx.text.HAL_DMA_RegisterCallback), (8 bytes).
    Removing stm32l0xx_hal_dma.o(.text.HAL_DMA_UnRegisterCallback), (198 bytes).
    Removing stm32l0xx_hal_dma.o(.ARM.exidx.text.HAL_DMA_UnRegisterCallback), (8 bytes).
    Removing stm32l0xx_hal_dma.o(.text.HAL_DMA_GetState), (14 bytes).
    Removing stm32l0xx_hal_dma.o(.ARM.exidx.text.HAL_DMA_GetState), (8 bytes).
    Removing stm32l0xx_hal_dma.o(.text.HAL_DMA_GetError), (12 bytes).
    Removing stm32l0xx_hal_dma.o(.ARM.exidx.text.HAL_DMA_GetError), (8 bytes).
    Removing stm32l0xx_hal_flash.o(.text), (0 bytes).
    Removing stm32l0xx_hal_flash.o(.text.HAL_FLASH_Program), (124 bytes).
    Removing stm32l0xx_hal_flash.o(.ARM.exidx.text.HAL_FLASH_Program), (8 bytes).
    Removing stm32l0xx_hal_flash.o(.text.FLASH_WaitForLastOperation), (232 bytes).
    Removing stm32l0xx_hal_flash.o(.ARM.exidx.text.FLASH_WaitForLastOperation), (8 bytes).
    Removing stm32l0xx_hal_flash.o(.text.HAL_FLASH_Program_IT), (100 bytes).
    Removing stm32l0xx_hal_flash.o(.ARM.exidx.text.HAL_FLASH_Program_IT), (8 bytes).
    Removing stm32l0xx_hal_flash.o(.text.HAL_FLASH_IRQHandler), (384 bytes).
    Removing stm32l0xx_hal_flash.o(.ARM.exidx.text.HAL_FLASH_IRQHandler), (8 bytes).
    Removing stm32l0xx_hal_flash.o(.text.FLASH_SetErrorCode), (256 bytes).
    Removing stm32l0xx_hal_flash.o(.ARM.exidx.text.FLASH_SetErrorCode), (8 bytes).
    Removing stm32l0xx_hal_flash.o(.text.HAL_FLASH_OperationErrorCallback), (8 bytes).
    Removing stm32l0xx_hal_flash.o(.ARM.exidx.text.HAL_FLASH_OperationErrorCallback), (8 bytes).
    Removing stm32l0xx_hal_flash.o(.text.HAL_FLASH_EndOfOperationCallback), (8 bytes).
    Removing stm32l0xx_hal_flash.o(.ARM.exidx.text.HAL_FLASH_EndOfOperationCallback), (8 bytes).
    Removing stm32l0xx_hal_flash.o(.text.HAL_FLASH_Unlock), (180 bytes).
    Removing stm32l0xx_hal_flash.o(.ARM.exidx.text.HAL_FLASH_Unlock), (8 bytes).
    Removing stm32l0xx_hal_flash.o(.text.HAL_FLASH_Lock), (28 bytes).
    Removing stm32l0xx_hal_flash.o(.ARM.exidx.text.HAL_FLASH_Lock), (8 bytes).
    Removing stm32l0xx_hal_flash.o(.text.HAL_FLASH_OB_Unlock), (124 bytes).
    Removing stm32l0xx_hal_flash.o(.ARM.exidx.text.HAL_FLASH_OB_Unlock), (8 bytes).
    Removing stm32l0xx_hal_flash.o(.text.HAL_FLASH_OB_Lock), (20 bytes).
    Removing stm32l0xx_hal_flash.o(.ARM.exidx.text.HAL_FLASH_OB_Lock), (8 bytes).
    Removing stm32l0xx_hal_flash.o(.text.HAL_FLASH_OB_Launch), (32 bytes).
    Removing stm32l0xx_hal_flash.o(.ARM.exidx.text.HAL_FLASH_OB_Launch), (8 bytes).
    Removing stm32l0xx_hal_flash.o(.text.HAL_FLASH_GetError), (12 bytes).
    Removing stm32l0xx_hal_flash.o(.ARM.exidx.text.HAL_FLASH_GetError), (8 bytes).
    Removing stm32l0xx_hal_flash.o(.bss.pFlash), (24 bytes).
    Removing stm32l0xx_hal_flash_ex.o(.text), (0 bytes).
    Removing stm32l0xx_hal_flash_ex.o(.text.HAL_FLASHEx_Erase), (208 bytes).
    Removing stm32l0xx_hal_flash_ex.o(.ARM.exidx.text.HAL_FLASHEx_Erase), (8 bytes).
    Removing stm32l0xx_hal_flash_ex.o(.text.FLASH_PageErase), (52 bytes).
    Removing stm32l0xx_hal_flash_ex.o(.ARM.exidx.text.FLASH_PageErase), (8 bytes).
    Removing stm32l0xx_hal_flash_ex.o(.text.HAL_FLASHEx_Erase_IT), (160 bytes).
    Removing stm32l0xx_hal_flash_ex.o(.ARM.exidx.text.HAL_FLASHEx_Erase_IT), (8 bytes).
    Removing stm32l0xx_hal_flash_ex.o(.text.HAL_FLASHEx_OBProgram), (332 bytes).
    Removing stm32l0xx_hal_flash_ex.o(.ARM.exidx.text.HAL_FLASHEx_OBProgram), (8 bytes).
    Removing stm32l0xx_hal_flash_ex.o(.text.FLASH_OB_ProtectedSectorsConfig), (160 bytes).
    Removing stm32l0xx_hal_flash_ex.o(.ARM.exidx.text.FLASH_OB_ProtectedSectorsConfig), (8 bytes).
    Removing stm32l0xx_hal_flash_ex.o(.text.FLASH_OB_RDPConfig), (112 bytes).
    Removing stm32l0xx_hal_flash_ex.o(.ARM.exidx.text.FLASH_OB_RDPConfig), (8 bytes).
    Removing stm32l0xx_hal_flash_ex.o(.text.FLASH_OB_UserConfig), (156 bytes).
    Removing stm32l0xx_hal_flash_ex.o(.ARM.exidx.text.FLASH_OB_UserConfig), (8 bytes).
    Removing stm32l0xx_hal_flash_ex.o(.text.FLASH_OB_BORConfig), (124 bytes).
    Removing stm32l0xx_hal_flash_ex.o(.ARM.exidx.text.FLASH_OB_BORConfig), (8 bytes).
    Removing stm32l0xx_hal_flash_ex.o(.text.FLASH_OB_BOOTBit1Config), (132 bytes).
    Removing stm32l0xx_hal_flash_ex.o(.ARM.exidx.text.FLASH_OB_BOOTBit1Config), (8 bytes).
    Removing stm32l0xx_hal_flash_ex.o(.text.HAL_FLASHEx_OBGetConfig), (56 bytes).
    Removing stm32l0xx_hal_flash_ex.o(.ARM.exidx.text.HAL_FLASHEx_OBGetConfig), (8 bytes).
    Removing stm32l0xx_hal_flash_ex.o(.text.FLASH_OB_GetWRP), (12 bytes).
    Removing stm32l0xx_hal_flash_ex.o(.ARM.exidx.text.FLASH_OB_GetWRP), (8 bytes).
    Removing stm32l0xx_hal_flash_ex.o(.text.FLASH_OB_GetRDP), (56 bytes).
    Removing stm32l0xx_hal_flash_ex.o(.ARM.exidx.text.FLASH_OB_GetRDP), (8 bytes).
    Removing stm32l0xx_hal_flash_ex.o(.text.FLASH_OB_GetUser), (20 bytes).
    Removing stm32l0xx_hal_flash_ex.o(.ARM.exidx.text.FLASH_OB_GetUser), (8 bytes).
    Removing stm32l0xx_hal_flash_ex.o(.text.FLASH_OB_GetBOR), (20 bytes).
    Removing stm32l0xx_hal_flash_ex.o(.ARM.exidx.text.FLASH_OB_GetBOR), (8 bytes).
    Removing stm32l0xx_hal_flash_ex.o(.text.FLASH_OB_GetBOOTBit1), (12 bytes).
    Removing stm32l0xx_hal_flash_ex.o(.ARM.exidx.text.FLASH_OB_GetBOOTBit1), (8 bytes).
    Removing stm32l0xx_hal_flash_ex.o(.text.HAL_FLASHEx_AdvOBProgram), (48 bytes).
    Removing stm32l0xx_hal_flash_ex.o(.ARM.exidx.text.HAL_FLASHEx_AdvOBProgram), (8 bytes).
    Removing stm32l0xx_hal_flash_ex.o(.text.HAL_FLASHEx_AdvOBGetConfig), (56 bytes).
    Removing stm32l0xx_hal_flash_ex.o(.ARM.exidx.text.HAL_FLASHEx_AdvOBGetConfig), (8 bytes).
    Removing stm32l0xx_hal_flash_ex.o(.text.HAL_FLASHEx_OB_SelectPCROP), (136 bytes).
    Removing stm32l0xx_hal_flash_ex.o(.ARM.exidx.text.HAL_FLASHEx_OB_SelectPCROP), (8 bytes).
    Removing stm32l0xx_hal_flash_ex.o(.text.HAL_FLASHEx_OB_DeSelectPCROP), (128 bytes).
    Removing stm32l0xx_hal_flash_ex.o(.ARM.exidx.text.HAL_FLASHEx_OB_DeSelectPCROP), (8 bytes).
    Removing stm32l0xx_hal_flash_ex.o(.text.HAL_FLASHEx_DATAEEPROM_Unlock), (100 bytes).
    Removing stm32l0xx_hal_flash_ex.o(.ARM.exidx.text.HAL_FLASHEx_DATAEEPROM_Unlock), (8 bytes).
    Removing stm32l0xx_hal_flash_ex.o(.text.HAL_FLASHEx_DATAEEPROM_Lock), (20 bytes).
    Removing stm32l0xx_hal_flash_ex.o(.ARM.exidx.text.HAL_FLASHEx_DATAEEPROM_Lock), (8 bytes).
    Removing stm32l0xx_hal_flash_ex.o(.text.HAL_FLASHEx_DATAEEPROM_Erase), (72 bytes).
    Removing stm32l0xx_hal_flash_ex.o(.ARM.exidx.text.HAL_FLASHEx_DATAEEPROM_Erase), (8 bytes).
    Removing stm32l0xx_hal_flash_ex.o(.text.HAL_FLASHEx_DATAEEPROM_Program), (192 bytes).
    Removing stm32l0xx_hal_flash_ex.o(.ARM.exidx.text.HAL_FLASHEx_DATAEEPROM_Program), (8 bytes).
    Removing stm32l0xx_hal_flash_ex.o(.text.HAL_FLASHEx_DATAEEPROM_EnableFixedTimeProgram), (20 bytes).
    Removing stm32l0xx_hal_flash_ex.o(.ARM.exidx.text.HAL_FLASHEx_DATAEEPROM_EnableFixedTimeProgram), (8 bytes).
    Removing stm32l0xx_hal_flash_ex.o(.text.HAL_FLASHEx_DATAEEPROM_DisableFixedTimeProgram), (20 bytes).
    Removing stm32l0xx_hal_flash_ex.o(.ARM.exidx.text.HAL_FLASHEx_DATAEEPROM_DisableFixedTimeProgram), (8 bytes).
    Removing stm32l0xx_hal_gpio.o(.text), (0 bytes).
    Removing stm32l0xx_hal_gpio.o(.ARM.exidx.text.HAL_GPIO_Init), (8 bytes).
    Removing stm32l0xx_hal_gpio.o(.text.HAL_GPIO_DeInit), (388 bytes).
    Removing stm32l0xx_hal_gpio.o(.ARM.exidx.text.HAL_GPIO_DeInit), (8 bytes).
    Removing stm32l0xx_hal_gpio.o(.text.HAL_GPIO_ReadPin), (50 bytes).
    Removing stm32l0xx_hal_gpio.o(.ARM.exidx.text.HAL_GPIO_ReadPin), (8 bytes).
    Removing stm32l0xx_hal_gpio.o(.ARM.exidx.text.HAL_GPIO_WritePin), (8 bytes).
    Removing stm32l0xx_hal_gpio.o(.text.HAL_GPIO_TogglePin), (36 bytes).
    Removing stm32l0xx_hal_gpio.o(.ARM.exidx.text.HAL_GPIO_TogglePin), (8 bytes).
    Removing stm32l0xx_hal_gpio.o(.text.HAL_GPIO_LockPin), (82 bytes).
    Removing stm32l0xx_hal_gpio.o(.ARM.exidx.text.HAL_GPIO_LockPin), (8 bytes).
    Removing stm32l0xx_hal_gpio.o(.text.HAL_GPIO_EXTI_IRQHandler), (44 bytes).
    Removing stm32l0xx_hal_gpio.o(.ARM.exidx.text.HAL_GPIO_EXTI_IRQHandler), (8 bytes).
    Removing stm32l0xx_hal_gpio.o(.text.HAL_GPIO_EXTI_Callback), (10 bytes).
    Removing stm32l0xx_hal_gpio.o(.ARM.exidx.text.HAL_GPIO_EXTI_Callback), (8 bytes).
    Removing stm32l0xx_hal_i2c.o(.text), (0 bytes).
    Removing stm32l0xx_hal_i2c.o(.ARM.exidx.text.HAL_I2C_Init), (8 bytes).
    Removing stm32l0xx_hal_i2c.o(.ARM.exidx.text.HAL_I2C_MspInit), (8 bytes).
    Removing stm32l0xx_hal_i2c.o(.text.HAL_I2C_DeInit), (100 bytes).
    Removing stm32l0xx_hal_i2c.o(.ARM.exidx.text.HAL_I2C_DeInit), (8 bytes).
    Removing stm32l0xx_hal_i2c.o(.text.HAL_I2C_MspDeInit), (8 bytes).
    Removing stm32l0xx_hal_i2c.o(.ARM.exidx.text.HAL_I2C_MspDeInit), (8 bytes).
    Removing stm32l0xx_hal_i2c.o(.ARM.exidx.text.HAL_I2C_Master_Transmit), (8 bytes).
    Removing stm32l0xx_hal_i2c.o(.ARM.exidx.text.I2C_WaitOnFlagUntilTimeout), (8 bytes).
    Removing stm32l0xx_hal_i2c.o(.ARM.exidx.text.I2C_TransferConfig), (8 bytes).
    Removing stm32l0xx_hal_i2c.o(.ARM.exidx.text.I2C_WaitOnTXISFlagUntilTimeout), (8 bytes).
    Removing stm32l0xx_hal_i2c.o(.ARM.exidx.text.I2C_WaitOnSTOPFlagUntilTimeout), (8 bytes).
    Removing stm32l0xx_hal_i2c.o(.text.HAL_I2C_Master_Receive), (516 bytes).
    Removing stm32l0xx_hal_i2c.o(.ARM.exidx.text.HAL_I2C_Master_Receive), (8 bytes).
    Removing stm32l0xx_hal_i2c.o(.text.I2C_WaitOnRXNEFlagUntilTimeout), (308 bytes).
    Removing stm32l0xx_hal_i2c.o(.ARM.exidx.text.I2C_WaitOnRXNEFlagUntilTimeout), (8 bytes).
    Removing stm32l0xx_hal_i2c.o(.text.HAL_I2C_Slave_Transmit), (630 bytes).
    Removing stm32l0xx_hal_i2c.o(.ARM.exidx.text.HAL_I2C_Slave_Transmit), (8 bytes).
    Removing stm32l0xx_hal_i2c.o(.ARM.exidx.text.I2C_Flush_TXDR), (8 bytes).
    Removing stm32l0xx_hal_i2c.o(.text.HAL_I2C_Slave_Receive), (544 bytes).
    Removing stm32l0xx_hal_i2c.o(.ARM.exidx.text.HAL_I2C_Slave_Receive), (8 bytes).
    Removing stm32l0xx_hal_i2c.o(.text.HAL_I2C_Master_Transmit_IT), (252 bytes).
    Removing stm32l0xx_hal_i2c.o(.ARM.exidx.text.HAL_I2C_Master_Transmit_IT), (8 bytes).
    Removing stm32l0xx_hal_i2c.o(.text.I2C_Master_ISR_IT), (668 bytes).
    Removing stm32l0xx_hal_i2c.o(.ARM.exidx.text.I2C_Master_ISR_IT), (8 bytes).
    Removing stm32l0xx_hal_i2c.o(.text.I2C_Enable_IRQ), (324 bytes).
    Removing stm32l0xx_hal_i2c.o(.ARM.exidx.text.I2C_Enable_IRQ), (8 bytes).
    Removing stm32l0xx_hal_i2c.o(.text.HAL_I2C_Master_Receive_IT), (252 bytes).
    Removing stm32l0xx_hal_i2c.o(.ARM.exidx.text.HAL_I2C_Master_Receive_IT), (8 bytes).
    Removing stm32l0xx_hal_i2c.o(.text.HAL_I2C_Slave_Transmit_IT), (232 bytes).
    Removing stm32l0xx_hal_i2c.o(.ARM.exidx.text.HAL_I2C_Slave_Transmit_IT), (8 bytes).
    Removing stm32l0xx_hal_i2c.o(.text.I2C_Slave_ISR_IT), (584 bytes).
    Removing stm32l0xx_hal_i2c.o(.ARM.exidx.text.I2C_Slave_ISR_IT), (8 bytes).
    Removing stm32l0xx_hal_i2c.o(.text.HAL_I2C_Slave_Receive_IT), (184 bytes).
    Removing stm32l0xx_hal_i2c.o(.ARM.exidx.text.HAL_I2C_Slave_Receive_IT), (8 bytes).
    Removing stm32l0xx_hal_i2c.o(.text.HAL_I2C_Master_Transmit_DMA), (516 bytes).
    Removing stm32l0xx_hal_i2c.o(.ARM.exidx.text.HAL_I2C_Master_Transmit_DMA), (8 bytes).
    Removing stm32l0xx_hal_i2c.o(.text.I2C_Master_ISR_DMA), (552 bytes).
    Removing stm32l0xx_hal_i2c.o(.ARM.exidx.text.I2C_Master_ISR_DMA), (8 bytes).
    Removing stm32l0xx_hal_i2c.o(.text.I2C_DMAMasterTransmitCplt), (134 bytes).
    Removing stm32l0xx_hal_i2c.o(.ARM.exidx.text.I2C_DMAMasterTransmitCplt), (8 bytes).
    Removing stm32l0xx_hal_i2c.o(.text.I2C_DMAError), (38 bytes).
    Removing stm32l0xx_hal_i2c.o(.ARM.exidx.text.I2C_DMAError), (8 bytes).
    Removing stm32l0xx_hal_i2c.o(.text.HAL_I2C_Master_Receive_DMA), (516 bytes).
    Removing stm32l0xx_hal_i2c.o(.ARM.exidx.text.HAL_I2C_Master_Receive_DMA), (8 bytes).
    Removing stm32l0xx_hal_i2c.o(.text.I2C_DMAMasterReceiveCplt), (134 bytes).
    Removing stm32l0xx_hal_i2c.o(.ARM.exidx.text.I2C_DMAMasterReceiveCplt), (8 bytes).
    Removing stm32l0xx_hal_i2c.o(.text.HAL_I2C_Slave_Transmit_DMA), (504 bytes).
    Removing stm32l0xx_hal_i2c.o(.ARM.exidx.text.HAL_I2C_Slave_Transmit_DMA), (8 bytes).
    Removing stm32l0xx_hal_i2c.o(.text.I2C_Slave_ISR_DMA), (564 bytes).
    Removing stm32l0xx_hal_i2c.o(.ARM.exidx.text.I2C_Slave_ISR_DMA), (8 bytes).
    Removing stm32l0xx_hal_i2c.o(.text.I2C_DMASlaveTransmitCplt), (66 bytes).
    Removing stm32l0xx_hal_i2c.o(.ARM.exidx.text.I2C_DMASlaveTransmitCplt), (8 bytes).
    Removing stm32l0xx_hal_i2c.o(.text.HAL_I2C_Slave_Receive_DMA), (400 bytes).
    Removing stm32l0xx_hal_i2c.o(.ARM.exidx.text.HAL_I2C_Slave_Receive_DMA), (8 bytes).
    Removing stm32l0xx_hal_i2c.o(.text.I2C_DMASlaveReceiveCplt), (76 bytes).
    Removing stm32l0xx_hal_i2c.o(.ARM.exidx.text.I2C_DMASlaveReceiveCplt), (8 bytes).
    Removing stm32l0xx_hal_i2c.o(.text.HAL_I2C_Mem_Write), (604 bytes).
    Removing stm32l0xx_hal_i2c.o(.ARM.exidx.text.HAL_I2C_Mem_Write), (8 bytes).
    Removing stm32l0xx_hal_i2c.o(.text.I2C_RequestMemoryWrite), (188 bytes).
    Removing stm32l0xx_hal_i2c.o(.ARM.exidx.text.I2C_RequestMemoryWrite), (8 bytes).
    Removing stm32l0xx_hal_i2c.o(.text.HAL_I2C_Mem_Read), (616 bytes).
    Removing stm32l0xx_hal_i2c.o(.ARM.exidx.text.HAL_I2C_Mem_Read), (8 bytes).
    Removing stm32l0xx_hal_i2c.o(.text.I2C_RequestMemoryRead), (188 bytes).
    Removing stm32l0xx_hal_i2c.o(.ARM.exidx.text.I2C_RequestMemoryRead), (8 bytes).
    Removing stm32l0xx_hal_i2c.o(.text.HAL_I2C_Mem_Write_IT), (312 bytes).
    Removing stm32l0xx_hal_i2c.o(.ARM.exidx.text.HAL_I2C_Mem_Write_IT), (8 bytes).
    Removing stm32l0xx_hal_i2c.o(.text.I2C_Mem_ISR_IT), (648 bytes).
    Removing stm32l0xx_hal_i2c.o(.ARM.exidx.text.I2C_Mem_ISR_IT), (8 bytes).
    Removing stm32l0xx_hal_i2c.o(.text.HAL_I2C_Mem_Read_IT), (308 bytes).
    Removing stm32l0xx_hal_i2c.o(.ARM.exidx.text.HAL_I2C_Mem_Read_IT), (8 bytes).
    Removing stm32l0xx_hal_i2c.o(.text.HAL_I2C_Mem_Write_DMA), (516 bytes).
    Removing stm32l0xx_hal_i2c.o(.ARM.exidx.text.HAL_I2C_Mem_Write_DMA), (8 bytes).
    Removing stm32l0xx_hal_i2c.o(.text.I2C_Mem_ISR_DMA), (632 bytes).
    Removing stm32l0xx_hal_i2c.o(.ARM.exidx.text.I2C_Mem_ISR_DMA), (8 bytes).
    Removing stm32l0xx_hal_i2c.o(.text.HAL_I2C_Mem_Read_DMA), (512 bytes).
    Removing stm32l0xx_hal_i2c.o(.ARM.exidx.text.HAL_I2C_Mem_Read_DMA), (8 bytes).
    Removing stm32l0xx_hal_i2c.o(.text.HAL_I2C_IsDeviceReady), (612 bytes).
    Removing stm32l0xx_hal_i2c.o(.ARM.exidx.text.HAL_I2C_IsDeviceReady), (8 bytes).
    Removing stm32l0xx_hal_i2c.o(.text.HAL_I2C_Master_Seq_Transmit_IT), (312 bytes).
    Removing stm32l0xx_hal_i2c.o(.ARM.exidx.text.HAL_I2C_Master_Seq_Transmit_IT), (8 bytes).
    Removing stm32l0xx_hal_i2c.o(.text.I2C_ConvertOtherXferOptions), (54 bytes).
    Removing stm32l0xx_hal_i2c.o(.ARM.exidx.text.I2C_ConvertOtherXferOptions), (8 bytes).
    Removing stm32l0xx_hal_i2c.o(.text.HAL_I2C_Master_Seq_Transmit_DMA), (576 bytes).
    Removing stm32l0xx_hal_i2c.o(.ARM.exidx.text.HAL_I2C_Master_Seq_Transmit_DMA), (8 bytes).
    Removing stm32l0xx_hal_i2c.o(.text.HAL_I2C_Master_Seq_Receive_IT), (312 bytes).
    Removing stm32l0xx_hal_i2c.o(.ARM.exidx.text.HAL_I2C_Master_Seq_Receive_IT), (8 bytes).
    Removing stm32l0xx_hal_i2c.o(.text.HAL_I2C_Master_Seq_Receive_DMA), (576 bytes).
    Removing stm32l0xx_hal_i2c.o(.ARM.exidx.text.HAL_I2C_Master_Seq_Receive_DMA), (8 bytes).
    Removing stm32l0xx_hal_i2c.o(.text.HAL_I2C_Slave_Seq_Transmit_IT), (380 bytes).
    Removing stm32l0xx_hal_i2c.o(.ARM.exidx.text.HAL_I2C_Slave_Seq_Transmit_IT), (8 bytes).
    Removing stm32l0xx_hal_i2c.o(.text.I2C_Disable_IRQ), (204 bytes).
    Removing stm32l0xx_hal_i2c.o(.ARM.exidx.text.I2C_Disable_IRQ), (8 bytes).
    Removing stm32l0xx_hal_i2c.o(.text.I2C_DMAAbort), (62 bytes).
    Removing stm32l0xx_hal_i2c.o(.ARM.exidx.text.I2C_DMAAbort), (8 bytes).
    Removing stm32l0xx_hal_i2c.o(.text.HAL_I2C_Slave_Seq_Transmit_DMA), (676 bytes).
    Removing stm32l0xx_hal_i2c.o(.ARM.exidx.text.HAL_I2C_Slave_Seq_Transmit_DMA), (8 bytes).
    Removing stm32l0xx_hal_i2c.o(.text.HAL_I2C_Slave_Seq_Receive_IT), (380 bytes).
    Removing stm32l0xx_hal_i2c.o(.ARM.exidx.text.HAL_I2C_Slave_Seq_Receive_IT), (8 bytes).
    Removing stm32l0xx_hal_i2c.o(.text.HAL_I2C_Slave_Seq_Receive_DMA), (676 bytes).
    Removing stm32l0xx_hal_i2c.o(.ARM.exidx.text.HAL_I2C_Slave_Seq_Receive_DMA), (8 bytes).
    Removing stm32l0xx_hal_i2c.o(.text.HAL_I2C_EnableListen_IT), (72 bytes).
    Removing stm32l0xx_hal_i2c.o(.ARM.exidx.text.HAL_I2C_EnableListen_IT), (8 bytes).
    Removing stm32l0xx_hal_i2c.o(.text.HAL_I2C_DisableListen_IT), (96 bytes).
    Removing stm32l0xx_hal_i2c.o(.ARM.exidx.text.HAL_I2C_DisableListen_IT), (8 bytes).
    Removing stm32l0xx_hal_i2c.o(.text.HAL_I2C_Master_Abort_IT), (192 bytes).
    Removing stm32l0xx_hal_i2c.o(.ARM.exidx.text.HAL_I2C_Master_Abort_IT), (8 bytes).
    Removing stm32l0xx_hal_i2c.o(.text.HAL_I2C_EV_IRQHandler), (48 bytes).
    Removing stm32l0xx_hal_i2c.o(.ARM.exidx.text.HAL_I2C_EV_IRQHandler), (8 bytes).
    Removing stm32l0xx_hal_i2c.o(.text.HAL_I2C_ER_IRQHandler), (198 bytes).
    Removing stm32l0xx_hal_i2c.o(.ARM.exidx.text.HAL_I2C_ER_IRQHandler), (8 bytes).
    Removing stm32l0xx_hal_i2c.o(.text.I2C_ITError), (496 bytes).
    Removing stm32l0xx_hal_i2c.o(.ARM.exidx.text.I2C_ITError), (8 bytes).
    Removing stm32l0xx_hal_i2c.o(.text.HAL_I2C_MasterTxCpltCallback), (8 bytes).
    Removing stm32l0xx_hal_i2c.o(.ARM.exidx.text.HAL_I2C_MasterTxCpltCallback), (8 bytes).
    Removing stm32l0xx_hal_i2c.o(.text.HAL_I2C_MasterRxCpltCallback), (8 bytes).
    Removing stm32l0xx_hal_i2c.o(.ARM.exidx.text.HAL_I2C_MasterRxCpltCallback), (8 bytes).
    Removing stm32l0xx_hal_i2c.o(.text.HAL_I2C_SlaveTxCpltCallback), (8 bytes).
    Removing stm32l0xx_hal_i2c.o(.ARM.exidx.text.HAL_I2C_SlaveTxCpltCallback), (8 bytes).
    Removing stm32l0xx_hal_i2c.o(.text.HAL_I2C_SlaveRxCpltCallback), (8 bytes).
    Removing stm32l0xx_hal_i2c.o(.ARM.exidx.text.HAL_I2C_SlaveRxCpltCallback), (8 bytes).
    Removing stm32l0xx_hal_i2c.o(.text.HAL_I2C_AddrCallback), (16 bytes).
    Removing stm32l0xx_hal_i2c.o(.ARM.exidx.text.HAL_I2C_AddrCallback), (8 bytes).
    Removing stm32l0xx_hal_i2c.o(.text.HAL_I2C_ListenCpltCallback), (8 bytes).
    Removing stm32l0xx_hal_i2c.o(.ARM.exidx.text.HAL_I2C_ListenCpltCallback), (8 bytes).
    Removing stm32l0xx_hal_i2c.o(.text.HAL_I2C_MemTxCpltCallback), (8 bytes).
    Removing stm32l0xx_hal_i2c.o(.ARM.exidx.text.HAL_I2C_MemTxCpltCallback), (8 bytes).
    Removing stm32l0xx_hal_i2c.o(.text.HAL_I2C_MemRxCpltCallback), (8 bytes).
    Removing stm32l0xx_hal_i2c.o(.ARM.exidx.text.HAL_I2C_MemRxCpltCallback), (8 bytes).
    Removing stm32l0xx_hal_i2c.o(.text.HAL_I2C_ErrorCallback), (8 bytes).
    Removing stm32l0xx_hal_i2c.o(.ARM.exidx.text.HAL_I2C_ErrorCallback), (8 bytes).
    Removing stm32l0xx_hal_i2c.o(.text.HAL_I2C_AbortCpltCallback), (8 bytes).
    Removing stm32l0xx_hal_i2c.o(.ARM.exidx.text.HAL_I2C_AbortCpltCallback), (8 bytes).
    Removing stm32l0xx_hal_i2c.o(.text.HAL_I2C_GetState), (14 bytes).
    Removing stm32l0xx_hal_i2c.o(.ARM.exidx.text.HAL_I2C_GetState), (8 bytes).
    Removing stm32l0xx_hal_i2c.o(.text.HAL_I2C_GetMode), (14 bytes).
    Removing stm32l0xx_hal_i2c.o(.ARM.exidx.text.HAL_I2C_GetMode), (8 bytes).
    Removing stm32l0xx_hal_i2c.o(.text.HAL_I2C_GetError), (12 bytes).
    Removing stm32l0xx_hal_i2c.o(.ARM.exidx.text.HAL_I2C_GetError), (8 bytes).
    Removing stm32l0xx_hal_i2c.o(.text.I2C_ITMasterSeqCplt), (126 bytes).
    Removing stm32l0xx_hal_i2c.o(.ARM.exidx.text.I2C_ITMasterSeqCplt), (8 bytes).
    Removing stm32l0xx_hal_i2c.o(.text.I2C_ITMasterCplt), (436 bytes).
    Removing stm32l0xx_hal_i2c.o(.ARM.exidx.text.I2C_ITMasterCplt), (8 bytes).
    Removing stm32l0xx_hal_i2c.o(.text.I2C_ITSlaveCplt), (568 bytes).
    Removing stm32l0xx_hal_i2c.o(.ARM.exidx.text.I2C_ITSlaveCplt), (8 bytes).
    Removing stm32l0xx_hal_i2c.o(.text.I2C_ITListenCplt), (160 bytes).
    Removing stm32l0xx_hal_i2c.o(.ARM.exidx.text.I2C_ITListenCplt), (8 bytes).
    Removing stm32l0xx_hal_i2c.o(.text.I2C_ITSlaveSeqCplt), (202 bytes).
    Removing stm32l0xx_hal_i2c.o(.ARM.exidx.text.I2C_ITSlaveSeqCplt), (8 bytes).
    Removing stm32l0xx_hal_i2c.o(.text.I2C_ITAddrCplt), (304 bytes).
    Removing stm32l0xx_hal_i2c.o(.ARM.exidx.text.I2C_ITAddrCplt), (8 bytes).
    Removing stm32l0xx_hal_i2c.o(.text.I2C_TreatErrorCallback), (82 bytes).
    Removing stm32l0xx_hal_i2c.o(.ARM.exidx.text.I2C_TreatErrorCallback), (8 bytes).
    Removing stm32l0xx_hal_i2c.o(.ARM.exidx.text.I2C_IsErrorOccurred), (8 bytes).
    Removing stm32l0xx_hal_i2c_ex.o(.text), (0 bytes).
    Removing stm32l0xx_hal_i2c_ex.o(.text.HAL_I2CEx_ConfigAnalogFilter), (150 bytes).
    Removing stm32l0xx_hal_i2c_ex.o(.ARM.exidx.text.HAL_I2CEx_ConfigAnalogFilter), (8 bytes).
    Removing stm32l0xx_hal_i2c_ex.o(.text.HAL_I2CEx_ConfigDigitalFilter), (160 bytes).
    Removing stm32l0xx_hal_i2c_ex.o(.ARM.exidx.text.HAL_I2CEx_ConfigDigitalFilter), (8 bytes).
    Removing stm32l0xx_hal_i2c_ex.o(.text.HAL_I2CEx_EnableWakeUp), (136 bytes).
    Removing stm32l0xx_hal_i2c_ex.o(.ARM.exidx.text.HAL_I2CEx_EnableWakeUp), (8 bytes).
    Removing stm32l0xx_hal_i2c_ex.o(.text.HAL_I2CEx_DisableWakeUp), (136 bytes).
    Removing stm32l0xx_hal_i2c_ex.o(.ARM.exidx.text.HAL_I2CEx_DisableWakeUp), (8 bytes).
    Removing stm32l0xx_hal_i2c_ex.o(.text.HAL_I2CEx_EnableFastModePlus), (36 bytes).
    Removing stm32l0xx_hal_i2c_ex.o(.ARM.exidx.text.HAL_I2CEx_EnableFastModePlus), (8 bytes).
    Removing stm32l0xx_hal_i2c_ex.o(.text.HAL_I2CEx_DisableFastModePlus), (36 bytes).
    Removing stm32l0xx_hal_i2c_ex.o(.ARM.exidx.text.HAL_I2CEx_DisableFastModePlus), (8 bytes).
    Removing stm32l0xx_hal_pwr.o(.text), (0 bytes).
    Removing stm32l0xx_hal_pwr.o(.text.HAL_PWR_DeInit), (24 bytes).
    Removing stm32l0xx_hal_pwr.o(.ARM.exidx.text.HAL_PWR_DeInit), (8 bytes).
    Removing stm32l0xx_hal_pwr.o(.text.HAL_PWR_EnableBkUpAccess), (20 bytes).
    Removing stm32l0xx_hal_pwr.o(.ARM.exidx.text.HAL_PWR_EnableBkUpAccess), (8 bytes).
    Removing stm32l0xx_hal_pwr.o(.text.HAL_PWR_DisableBkUpAccess), (20 bytes).
    Removing stm32l0xx_hal_pwr.o(.ARM.exidx.text.HAL_PWR_DisableBkUpAccess), (8 bytes).
    Removing stm32l0xx_hal_pwr.o(.text.HAL_PWR_ConfigPVD), (188 bytes).
    Removing stm32l0xx_hal_pwr.o(.ARM.exidx.text.HAL_PWR_ConfigPVD), (8 bytes).
    Removing stm32l0xx_hal_pwr.o(.text.HAL_PWR_EnablePVD), (16 bytes).
    Removing stm32l0xx_hal_pwr.o(.ARM.exidx.text.HAL_PWR_EnablePVD), (8 bytes).
    Removing stm32l0xx_hal_pwr.o(.text.HAL_PWR_DisablePVD), (16 bytes).
    Removing stm32l0xx_hal_pwr.o(.ARM.exidx.text.HAL_PWR_DisablePVD), (8 bytes).
    Removing stm32l0xx_hal_pwr.o(.text.HAL_PWR_EnableWakeUpPin), (24 bytes).
    Removing stm32l0xx_hal_pwr.o(.ARM.exidx.text.HAL_PWR_EnableWakeUpPin), (8 bytes).
    Removing stm32l0xx_hal_pwr.o(.text.HAL_PWR_DisableWakeUpPin), (24 bytes).
    Removing stm32l0xx_hal_pwr.o(.ARM.exidx.text.HAL_PWR_DisableWakeUpPin), (8 bytes).
    Removing stm32l0xx_hal_pwr.o(.text.HAL_PWR_EnterSLEEPMode), (168 bytes).
    Removing stm32l0xx_hal_pwr.o(.ARM.exidx.text.HAL_PWR_EnterSLEEPMode), (8 bytes).
    Removing stm32l0xx_hal_pwr.o(.text.HAL_PWR_EnterSTOPMode), (176 bytes).
    Removing stm32l0xx_hal_pwr.o(.ARM.exidx.text.HAL_PWR_EnterSTOPMode), (8 bytes).
    Removing stm32l0xx_hal_pwr.o(.text.HAL_PWR_EnterSTANDBYMode), (32 bytes).
    Removing stm32l0xx_hal_pwr.o(.ARM.exidx.text.HAL_PWR_EnterSTANDBYMode), (8 bytes).
    Removing stm32l0xx_hal_pwr.o(.text.HAL_PWR_EnableSleepOnExit), (16 bytes).
    Removing stm32l0xx_hal_pwr.o(.ARM.exidx.text.HAL_PWR_EnableSleepOnExit), (8 bytes).
    Removing stm32l0xx_hal_pwr.o(.text.HAL_PWR_DisableSleepOnExit), (16 bytes).
    Removing stm32l0xx_hal_pwr.o(.ARM.exidx.text.HAL_PWR_DisableSleepOnExit), (8 bytes).
    Removing stm32l0xx_hal_pwr.o(.text.HAL_PWR_EnableSEVOnPend), (16 bytes).
    Removing stm32l0xx_hal_pwr.o(.ARM.exidx.text.HAL_PWR_EnableSEVOnPend), (8 bytes).
    Removing stm32l0xx_hal_pwr.o(.text.HAL_PWR_DisableSEVOnPend), (16 bytes).
    Removing stm32l0xx_hal_pwr.o(.ARM.exidx.text.HAL_PWR_DisableSEVOnPend), (8 bytes).
    Removing stm32l0xx_hal_pwr.o(.text.HAL_PWR_PVD_IRQHandler), (36 bytes).
    Removing stm32l0xx_hal_pwr.o(.ARM.exidx.text.HAL_PWR_PVD_IRQHandler), (8 bytes).
    Removing stm32l0xx_hal_pwr.o(.text.HAL_PWR_PVDCallback), (2 bytes).
    Removing stm32l0xx_hal_pwr.o(.ARM.exidx.text.HAL_PWR_PVDCallback), (8 bytes).
    Removing stm32l0xx_hal_pwr_ex.o(.text), (0 bytes).
    Removing stm32l0xx_hal_pwr_ex.o(.text.HAL_PWREx_GetVoltageRange), (16 bytes).
    Removing stm32l0xx_hal_pwr_ex.o(.ARM.exidx.text.HAL_PWREx_GetVoltageRange), (8 bytes).
    Removing stm32l0xx_hal_pwr_ex.o(.text.HAL_PWREx_EnableFastWakeUp), (20 bytes).
    Removing stm32l0xx_hal_pwr_ex.o(.ARM.exidx.text.HAL_PWREx_EnableFastWakeUp), (8 bytes).
    Removing stm32l0xx_hal_pwr_ex.o(.text.HAL_PWREx_DisableFastWakeUp), (20 bytes).
    Removing stm32l0xx_hal_pwr_ex.o(.ARM.exidx.text.HAL_PWREx_DisableFastWakeUp), (8 bytes).
    Removing stm32l0xx_hal_pwr_ex.o(.text.HAL_PWREx_EnableUltraLowPower), (20 bytes).
    Removing stm32l0xx_hal_pwr_ex.o(.ARM.exidx.text.HAL_PWREx_EnableUltraLowPower), (8 bytes).
    Removing stm32l0xx_hal_pwr_ex.o(.text.HAL_PWREx_DisableUltraLowPower), (20 bytes).
    Removing stm32l0xx_hal_pwr_ex.o(.ARM.exidx.text.HAL_PWREx_DisableUltraLowPower), (8 bytes).
    Removing stm32l0xx_hal_pwr_ex.o(.text.HAL_PWREx_EnableLowPowerRunMode), (24 bytes).
    Removing stm32l0xx_hal_pwr_ex.o(.ARM.exidx.text.HAL_PWREx_EnableLowPowerRunMode), (8 bytes).
    Removing stm32l0xx_hal_pwr_ex.o(.text.HAL_PWREx_DisableLowPowerRunMode), (144 bytes).
    Removing stm32l0xx_hal_pwr_ex.o(.ARM.exidx.text.HAL_PWREx_DisableLowPowerRunMode), (8 bytes).
    Removing stm32l0xx_hal_rcc.o(.text), (0 bytes).
    Removing stm32l0xx_hal_rcc.o(.text.HAL_RCC_DeInit), (340 bytes).
    Removing stm32l0xx_hal_rcc.o(.ARM.exidx.text.HAL_RCC_DeInit), (8 bytes).
    Removing stm32l0xx_hal_rcc.o(.text.HAL_RCC_OscConfig), (1960 bytes).
    Removing stm32l0xx_hal_rcc.o(.ARM.exidx.text.HAL_RCC_OscConfig), (8 bytes).
    Removing stm32l0xx_hal_rcc.o(.text.HAL_RCC_GetSysClockFreq), (316 bytes).
    Removing stm32l0xx_hal_rcc.o(.ARM.exidx.text.HAL_RCC_GetSysClockFreq), (8 bytes).
    Removing stm32l0xx_hal_rcc.o(.text.HAL_RCC_ClockConfig), (772 bytes).
    Removing stm32l0xx_hal_rcc.o(.ARM.exidx.text.HAL_RCC_ClockConfig), (8 bytes).
    Removing stm32l0xx_hal_rcc.o(.text.HAL_RCC_MCOConfig), (216 bytes).
    Removing stm32l0xx_hal_rcc.o(.ARM.exidx.text.HAL_RCC_MCOConfig), (8 bytes).
    Removing stm32l0xx_hal_rcc.o(.text.HAL_RCC_EnableCSS), (20 bytes).
    Removing stm32l0xx_hal_rcc.o(.ARM.exidx.text.HAL_RCC_EnableCSS), (8 bytes).
    Removing stm32l0xx_hal_rcc.o(.text.HAL_RCC_GetHCLKFreq), (12 bytes).
    Removing stm32l0xx_hal_rcc.o(.ARM.exidx.text.HAL_RCC_GetHCLKFreq), (8 bytes).
    Removing stm32l0xx_hal_rcc.o(.text.HAL_RCC_GetPCLK1Freq), (36 bytes).
    Removing stm32l0xx_hal_rcc.o(.ARM.exidx.text.HAL_RCC_GetPCLK1Freq), (8 bytes).
    Removing stm32l0xx_hal_rcc.o(.text.HAL_RCC_GetPCLK2Freq), (36 bytes).
    Removing stm32l0xx_hal_rcc.o(.ARM.exidx.text.HAL_RCC_GetPCLK2Freq), (8 bytes).
    Removing stm32l0xx_hal_rcc.o(.text.HAL_RCC_GetOscConfig), (328 bytes).
    Removing stm32l0xx_hal_rcc.o(.ARM.exidx.text.HAL_RCC_GetOscConfig), (8 bytes).
    Removing stm32l0xx_hal_rcc.o(.text.HAL_RCC_GetClockConfig), (84 bytes).
    Removing stm32l0xx_hal_rcc.o(.ARM.exidx.text.HAL_RCC_GetClockConfig), (8 bytes).
    Removing stm32l0xx_hal_rcc.o(.text.HAL_RCC_NMI_IRQHandler), (40 bytes).
    Removing stm32l0xx_hal_rcc.o(.ARM.exidx.text.HAL_RCC_NMI_IRQHandler), (8 bytes).
    Removing stm32l0xx_hal_rcc.o(.text.HAL_RCC_CSSCallback), (2 bytes).
    Removing stm32l0xx_hal_rcc.o(.ARM.exidx.text.HAL_RCC_CSSCallback), (8 bytes).
    Removing stm32l0xx_hal_rcc_ex.o(.text), (0 bytes).
    Removing stm32l0xx_hal_rcc_ex.o(.text.HAL_RCCEx_PeriphCLKConfig), (624 bytes).
    Removing stm32l0xx_hal_rcc_ex.o(.ARM.exidx.text.HAL_RCCEx_PeriphCLKConfig), (8 bytes).
    Removing stm32l0xx_hal_rcc_ex.o(.text.HAL_RCCEx_GetPeriphCLKConfig), (132 bytes).
    Removing stm32l0xx_hal_rcc_ex.o(.ARM.exidx.text.HAL_RCCEx_GetPeriphCLKConfig), (8 bytes).
    Removing stm32l0xx_hal_rcc_ex.o(.text.HAL_RCCEx_GetPeriphCLKFreq), (772 bytes).
    Removing stm32l0xx_hal_rcc_ex.o(.ARM.exidx.text.HAL_RCCEx_GetPeriphCLKFreq), (8 bytes).
    Removing stm32l0xx_hal_rcc_ex.o(.text.HAL_RCCEx_EnableLSECSS), (20 bytes).
    Removing stm32l0xx_hal_rcc_ex.o(.ARM.exidx.text.HAL_RCCEx_EnableLSECSS), (8 bytes).
    Removing stm32l0xx_hal_rcc_ex.o(.text.HAL_RCCEx_DisableLSECSS), (32 bytes).
    Removing stm32l0xx_hal_rcc_ex.o(.ARM.exidx.text.HAL_RCCEx_DisableLSECSS), (8 bytes).
    Removing stm32l0xx_hal_rcc_ex.o(.text.HAL_RCCEx_EnableLSECSS_IT), (60 bytes).
    Removing stm32l0xx_hal_rcc_ex.o(.ARM.exidx.text.HAL_RCCEx_EnableLSECSS_IT), (8 bytes).
    Removing stm32l0xx_hal_rcc_ex.o(.text.HAL_RCCEx_LSECSS_IRQHandler), (36 bytes).
    Removing stm32l0xx_hal_rcc_ex.o(.ARM.exidx.text.HAL_RCCEx_LSECSS_IRQHandler), (8 bytes).
    Removing stm32l0xx_hal_rcc_ex.o(.text.HAL_RCCEx_LSECSS_Callback), (2 bytes).
    Removing stm32l0xx_hal_rcc_ex.o(.ARM.exidx.text.HAL_RCCEx_LSECSS_Callback), (8 bytes).
    Removing system_stm32l0xx.o(.text), (0 bytes).
    Removing system_stm32l0xx.o(.ARM.exidx.text.SystemInit), (8 bytes).
    Removing system_stm32l0xx.o(.text.SystemCoreClockUpdate), (308 bytes).
    Removing system_stm32l0xx.o(.ARM.exidx.text.SystemCoreClockUpdate), (8 bytes).
    Removing system_stm32l0xx.o(.rodata.AHBPrescTable), (16 bytes).
    Removing system_stm32l0xx.o(.rodata.APBPrescTable), (8 bytes).
    Removing system_stm32l0xx.o(.rodata.PLLMulTable), (9 bytes).

522 unused section(s) (total 39084 bytes) removed from the image.

==============================================================================

Image Symbol Table

    Local Symbols

    Symbol Name                              Value     Ov Type        Size  Object(Section)

    ../clib/angel/boardlib.s                 0x00000000   Number         0  boardinit1.o ABSOLUTE
    ../clib/angel/boardlib.s                 0x00000000   Number         0  boardinit2.o ABSOLUTE
    ../clib/angel/boardlib.s                 0x00000000   Number         0  boardinit3.o ABSOLUTE
    ../clib/angel/boardlib.s                 0x00000000   Number         0  boardshut.o ABSOLUTE
    ../clib/angel/handlers.s                 0x00000000   Number         0  __scatter_copy.o ABSOLUTE
    ../clib/angel/handlers.s                 0x00000000   Number         0  __scatter_zi.o ABSOLUTE
    ../clib/angel/kernel.s                   0x00000000   Number         0  __rtentry.o ABSOLUTE
    ../clib/angel/kernel.s                   0x00000000   Number         0  __rtentry2.o ABSOLUTE
    ../clib/angel/kernel.s                   0x00000000   Number         0  __rtentry4.o ABSOLUTE
    ../clib/angel/kernel.s                   0x00000000   Number         0  rtexit.o ABSOLUTE
    ../clib/angel/kernel.s                   0x00000000   Number         0  rtexit2.o ABSOLUTE
    ../clib/angel/rt.s                       0x00000000   Number         0  aeabi_idiv0.o ABSOLUTE
    ../clib/angel/rt.s                       0x00000000   Number         0  aeabi_idiv0_sigfpe.o ABSOLUTE
    ../clib/angel/rt.s                       0x00000000   Number         0  aeabi_ldiv0.o ABSOLUTE
    ../clib/angel/rt.s                       0x00000000   Number         0  aeabi_ldiv0_sigfpe.o ABSOLUTE
    ../clib/angel/rt.s                       0x00000000   Number         0  rt_div0.o ABSOLUTE
    ../clib/angel/rt.s                       0x00000000   Number         0  rt_raise.o ABSOLUTE
    ../clib/angel/scatterp.s                 0x00000000   Number         0  __scatter.o ABSOLUTE
    ../clib/angel/startup.s                  0x00000000   Number         0  __main.o ABSOLUTE
    ../clib/angel/sys.s                      0x00000000   Number         0  sys_stackheap_outer.o ABSOLUTE
    ../clib/angel/sys.s                      0x00000000   Number         0  libspace.o ABSOLUTE
    ../clib/angel/sys.s                      0x00000000   Number         0  tempstk.o ABSOLUTE
    ../clib/angel/sys.s                      0x00000000   Number         0  use_no_semi.o ABSOLUTE
    ../clib/angel/sys.s                      0x00000000   Number         0  indicate_semi.o ABSOLUTE
    ../clib/angel/sysapp.c                   0x00000000   Number         0  sys_exit.o ABSOLUTE
    ../clib/angel/sysapp.c                   0x00000000   Number         0  sys_exit_hlt.o ABSOLUTE
    ../clib/angel/sysapp.c                   0x00000000   Number         0  sys_wrch.o ABSOLUTE
    ../clib/angel/sysapp.c                   0x00000000   Number         0  sys_wrch_hlt.o ABSOLUTE
    ../clib/angel/sysapp.c                   0x00000000   Number         0  sys_command.o ABSOLUTE
    ../clib/angel/sysapp.c                   0x00000000   Number         0  sys_command_hlt.o ABSOLUTE
    ../clib/armsys.c                         0x00000000   Number         0  argv_veneer.o ABSOLUTE
    ../clib/armsys.c                         0x00000000   Number         0  _get_argv_nomalloc.o ABSOLUTE
    ../clib/armsys.c                         0x00000000   Number         0  no_argv.o ABSOLUTE
    ../clib/division.c                       0x00000000   Number         0  lludiv.o ABSOLUTE
    ../clib/division.s                       0x00000000   Number         0  aeabi_sdiv.o ABSOLUTE
    ../clib/division.s                       0x00000000   Number         0  aeabi_sdiv_div0.o ABSOLUTE
    ../clib/heapalloc.c                      0x00000000   Number         0  hrguard.o ABSOLUTE
    ../clib/heapaux.c                        0x00000000   Number         0  heapauxi.o ABSOLUTE
    ../clib/libinit.s                        0x00000000   Number         0  libinit.o ABSOLUTE
    ../clib/libinit.s                        0x00000000   Number         0  libinit2.o ABSOLUTE
    ../clib/libinit.s                        0x00000000   Number         0  libshutdown.o ABSOLUTE
    ../clib/libinit.s                        0x00000000   Number         0  libshutdown2.o ABSOLUTE
    ../clib/longlong.c                       0x00000000   Number         0  llmul.o ABSOLUTE
    ../clib/memcpset.c                       0x00000000   Number         0  rt_memcpy.o ABSOLUTE
    ../clib/memcpset.c                       0x00000000   Number         0  rt_memcpy.o ABSOLUTE
    ../clib/memcpset.c                       0x00000000   Number         0  aeabi_memset.o ABSOLUTE
    ../clib/memcpset.c                       0x00000000   Number         0  rt_memclr.o ABSOLUTE
    ../clib/signal.c                         0x00000000   Number         0  defsig_fpe_outer.o ABSOLUTE
    ../clib/signal.c                         0x00000000   Number         0  defsig_fpe_formal.o ABSOLUTE
    ../clib/signal.c                         0x00000000   Number         0  defsig_exit.o ABSOLUTE
    ../clib/signal.c                         0x00000000   Number         0  defsig_fpe_inner.o ABSOLUTE
    ../clib/signal.c                         0x00000000   Number         0  __raise.o ABSOLUTE
    ../clib/signal.c                         0x00000000   Number         0  defsig_general.o ABSOLUTE
    ../clib/signal.c                         0x00000000   Number         0  defsig_abrt_inner.o ABSOLUTE
    ../clib/signal.c                         0x00000000   Number         0  defsig_rtred_inner.o ABSOLUTE
    ../clib/signal.c                         0x00000000   Number         0  defsig_rtmem_inner.o ABSOLUTE
    ../clib/signal.c                         0x00000000   Number         0  defsig_rtmem_outer.o ABSOLUTE
    ../clib/signal.c                         0x00000000   Number         0  defsig_rtmem_formal.o ABSOLUTE
    ../clib/signal.c                         0x00000000   Number         0  defsig_stak_inner.o ABSOLUTE
    ../clib/signal.c                         0x00000000   Number         0  defsig_pvfn_inner.o ABSOLUTE
    ../clib/signal.c                         0x00000000   Number         0  defsig_cppl_inner.o ABSOLUTE
    ../clib/signal.c                         0x00000000   Number         0  defsig_segv_inner.o ABSOLUTE
    ../clib/signal.c                         0x00000000   Number         0  defsig_other.o ABSOLUTE
    ../clib/signal.s                         0x00000000   Number         0  defsig.o ABSOLUTE
    ../clib/stdlib.c                         0x00000000   Number         0  exit.o ABSOLUTE
    ../fplib/cfplib/fpinit.c                 0x00000000   Number         0  fpinit.o ABSOLUTE
    RTE/Device/STM32L031K6Tx/startup_stm32l031xx.s 0x00000000   Number         0  startup_stm32l031xx.o ABSOLUTE
    dc.s                                     0x00000000   Number         0  dc.o ABSOLUTE
    delay.c                                  0x00000000   Number         0  delay.o ABSOLUTE
    main.c                                   0x00000000   Number         0  main.o ABSOLUTE
    ssd1306.c                                0x00000000   Number         0  ssd1306.o ABSOLUTE
    stm32l0xx_hal.c                          0x00000000   Number         0  stm32l0xx_hal.o ABSOLUTE
    stm32l0xx_hal_cortex.c                   0x00000000   Number         0  stm32l0xx_hal_cortex.o ABSOLUTE
    stm32l0xx_hal_dma.c                      0x00000000   Number         0  stm32l0xx_hal_dma.o ABSOLUTE
    stm32l0xx_hal_flash.c                    0x00000000   Number         0  stm32l0xx_hal_flash.o ABSOLUTE
    stm32l0xx_hal_flash_ex.c                 0x00000000   Number         0  stm32l0xx_hal_flash_ex.o ABSOLUTE
    stm32l0xx_hal_gpio.c                     0x00000000   Number         0  stm32l0xx_hal_gpio.o ABSOLUTE
    stm32l0xx_hal_i2c.c                      0x00000000   Number         0  stm32l0xx_hal_i2c.o ABSOLUTE
    stm32l0xx_hal_i2c_ex.c                   0x00000000   Number         0  stm32l0xx_hal_i2c_ex.o ABSOLUTE
    stm32l0xx_hal_pwr.c                      0x00000000   Number         0  stm32l0xx_hal_pwr.o ABSOLUTE
    stm32l0xx_hal_pwr_ex.c                   0x00000000   Number         0  stm32l0xx_hal_pwr_ex.o ABSOLUTE
    stm32l0xx_hal_rcc.c                      0x00000000   Number         0  stm32l0xx_hal_rcc.o ABSOLUTE
    stm32l0xx_hal_rcc_ex.c                   0x00000000   Number         0  stm32l0xx_hal_rcc_ex.o ABSOLUTE
    system_stm32l0xx.c                       0x00000000   Number         0  system_stm32l0xx.o ABSOLUTE
    RESET                                    0x08000000   Section      192  startup_stm32l031xx.o(RESET)
    !!!main                                  0x080000c0   Section        8  __main.o(!!!main)
    !!!scatter                               0x080000c8   Section       84  __scatter.o(!!!scatter)
    !!handler_copy                           0x0800011c   Section       26  __scatter_copy.o(!!handler_copy)
    !!handler_null                           0x08000138   Section        2  __scatter.o(!!handler_null)
    !!handler_zi                             0x0800013c   Section       28  __scatter_zi.o(!!handler_zi)
    .ARM.Collect$$libinit$$00000000          0x08000158   Section        2  libinit.o(.ARM.Collect$$libinit$$00000000)
    .ARM.Collect$$libinit$$00000002          0x0800015a   Section        0  libinit2.o(.ARM.Collect$$libinit$$00000002)
    .ARM.Collect$$libinit$$00000004          0x0800015a   Section        0  libinit2.o(.ARM.Collect$$libinit$$00000004)
    .ARM.Collect$$libinit$$00000006          0x0800015a   Section        0  libinit2.o(.ARM.Collect$$libinit$$00000006)
    .ARM.Collect$$libinit$$0000000C          0x0800015a   Section        0  libinit2.o(.ARM.Collect$$libinit$$0000000C)
    .ARM.Collect$$libinit$$0000000E          0x0800015a   Section        0  libinit2.o(.ARM.Collect$$libinit$$0000000E)
    .ARM.Collect$$libinit$$00000010          0x0800015a   Section        0  libinit2.o(.ARM.Collect$$libinit$$00000010)
    .ARM.Collect$$libinit$$00000013          0x0800015a   Section        0  libinit2.o(.ARM.Collect$$libinit$$00000013)
    .ARM.Collect$$libinit$$00000015          0x0800015a   Section        0  libinit2.o(.ARM.Collect$$libinit$$00000015)
    .ARM.Collect$$libinit$$00000017          0x0800015a   Section        0  libinit2.o(.ARM.Collect$$libinit$$00000017)
    .ARM.Collect$$libinit$$00000019          0x0800015a   Section        0  libinit2.o(.ARM.Collect$$libinit$$00000019)
    .ARM.Collect$$libinit$$0000001B          0x0800015a   Section        0  libinit2.o(.ARM.Collect$$libinit$$0000001B)
    .ARM.Collect$$libinit$$0000001D          0x0800015a   Section        0  libinit2.o(.ARM.Collect$$libinit$$0000001D)
    .ARM.Collect$$libinit$$0000001F          0x0800015a   Section        0  libinit2.o(.ARM.Collect$$libinit$$0000001F)
    .ARM.Collect$$libinit$$00000021          0x0800015a   Section        0  libinit2.o(.ARM.Collect$$libinit$$00000021)
    .ARM.Collect$$libinit$$00000023          0x0800015a   Section        0  libinit2.o(.ARM.Collect$$libinit$$00000023)
    .ARM.Collect$$libinit$$00000025          0x0800015a   Section        0  libinit2.o(.ARM.Collect$$libinit$$00000025)
    .ARM.Collect$$libinit$$00000027          0x0800015a   Section        0  libinit2.o(.ARM.Collect$$libinit$$00000027)
    .ARM.Collect$$libinit$$0000002E          0x0800015a   Section        0  libinit2.o(.ARM.Collect$$libinit$$0000002E)
    .ARM.Collect$$libinit$$00000030          0x0800015a   Section        0  libinit2.o(.ARM.Collect$$libinit$$00000030)
    .ARM.Collect$$libinit$$00000032          0x0800015a   Section        0  libinit2.o(.ARM.Collect$$libinit$$00000032)
    .ARM.Collect$$libinit$$00000034          0x0800015a   Section        0  libinit2.o(.ARM.Collect$$libinit$$00000034)
    .ARM.Collect$$libinit$$00000035          0x0800015a   Section        2  libinit2.o(.ARM.Collect$$libinit$$00000035)
    .ARM.Collect$$libshutdown$$00000000      0x0800015c   Section        2  libshutdown.o(.ARM.Collect$$libshutdown$$00000000)
    .ARM.Collect$$libshutdown$$00000002      0x0800015e   Section        0  libshutdown2.o(.ARM.Collect$$libshutdown$$00000002)
    .ARM.Collect$$libshutdown$$00000004      0x0800015e   Section        0  libshutdown2.o(.ARM.Collect$$libshutdown$$00000004)
    .ARM.Collect$$libshutdown$$00000007      0x0800015e   Section        0  libshutdown2.o(.ARM.Collect$$libshutdown$$00000007)
    .ARM.Collect$$libshutdown$$0000000A      0x0800015e   Section        0  libshutdown2.o(.ARM.Collect$$libshutdown$$0000000A)
    .ARM.Collect$$libshutdown$$0000000C      0x0800015e   Section        0  libshutdown2.o(.ARM.Collect$$libshutdown$$0000000C)
    .ARM.Collect$$libshutdown$$0000000F      0x0800015e   Section        0  libshutdown2.o(.ARM.Collect$$libshutdown$$0000000F)
    .ARM.Collect$$libshutdown$$00000010      0x0800015e   Section        2  libshutdown2.o(.ARM.Collect$$libshutdown$$00000010)
    .ARM.Collect$$rtentry$$00000000          0x08000160   Section        0  __rtentry.o(.ARM.Collect$$rtentry$$00000000)
    .ARM.Collect$$rtentry$$00000002          0x08000160   Section        0  __rtentry2.o(.ARM.Collect$$rtentry$$00000002)
    .ARM.Collect$$rtentry$$00000004          0x08000160   Section        6  __rtentry4.o(.ARM.Collect$$rtentry$$00000004)
    .ARM.Collect$$rtentry$$00000009          0x08000166   Section        0  __rtentry2.o(.ARM.Collect$$rtentry$$00000009)
    .ARM.Collect$$rtentry$$0000000A          0x08000166   Section        4  __rtentry2.o(.ARM.Collect$$rtentry$$0000000A)
    .ARM.Collect$$rtentry$$0000000C          0x0800016a   Section        0  __rtentry2.o(.ARM.Collect$$rtentry$$0000000C)
    .ARM.Collect$$rtentry$$0000000D          0x0800016a   Section        8  __rtentry2.o(.ARM.Collect$$rtentry$$0000000D)
    .ARM.Collect$$rtexit$$00000000           0x08000172   Section        2  rtexit.o(.ARM.Collect$$rtexit$$00000000)
    .ARM.Collect$$rtexit$$00000002           0x08000174   Section        0  rtexit2.o(.ARM.Collect$$rtexit$$00000002)
    .ARM.Collect$$rtexit$$00000003           0x08000174   Section        4  rtexit2.o(.ARM.Collect$$rtexit$$00000003)
    .ARM.Collect$$rtexit$$00000004           0x08000178   Section        6  rtexit2.o(.ARM.Collect$$rtexit$$00000004)
    .emb_text                                0x08000180   Section       56  rt_memcpy.o(.emb_text)
    .text                                    0x080001b8   Section       56  startup_stm32l031xx.o(.text)
    .text                                    0x080001f0   Section        0  rt_memcpy.o(.text)
    .text                                    0x08000272   Section        0  rt_memclr.o(.text)
    .text                                    0x080002b4   Section      364  aeabi_sdiv.o(.text)
    .text                                    0x08000420   Section        0  heapauxi.o(.text)
    .text                                    0x08000426   Section       62  sys_stackheap_outer.o(.text)
    .text                                    0x08000464   Section        0  exit.o(.text)
    .text                                    0x08000474   Section        8  libspace.o(.text)
    .text                                    0x0800047c   Section        0  sys_exit.o(.text)
    .text                                    0x08000488   Section        2  use_no_semi.o(.text)
    .text                                    0x0800048a   Section        0  indicate_semi.o(.text)
    [Anonymous Symbol]                       0x0800048c   Section        0  stm32l0xx_hal_gpio.o(.text.HAL_GPIO_Init)
    __arm_cp.0_0                             0x08000748   Number         4  stm32l0xx_hal_gpio.o(.text.HAL_GPIO_Init)
    __arm_cp.0_1                             0x0800074c   Number         4  stm32l0xx_hal_gpio.o(.text.HAL_GPIO_Init)
    __arm_cp.0_2                             0x08000750   Number         4  stm32l0xx_hal_gpio.o(.text.HAL_GPIO_Init)
    __arm_cp.0_3                             0x08000754   Number         4  stm32l0xx_hal_gpio.o(.text.HAL_GPIO_Init)
    __arm_cp.0_4                             0x08000758   Number         4  stm32l0xx_hal_gpio.o(.text.HAL_GPIO_Init)
    __arm_cp.0_5                             0x0800075c   Number         4  stm32l0xx_hal_gpio.o(.text.HAL_GPIO_Init)
    __arm_cp.0_6                             0x08000760   Number         4  stm32l0xx_hal_gpio.o(.text.HAL_GPIO_Init)
    __arm_cp.0_7                             0x08000764   Number         4  stm32l0xx_hal_gpio.o(.text.HAL_GPIO_Init)
    __arm_cp.0_8                             0x08000768   Number         4  stm32l0xx_hal_gpio.o(.text.HAL_GPIO_Init)
    [Anonymous Symbol]                       0x0800076c   Section        0  stm32l0xx_hal_gpio.o(.text.HAL_GPIO_WritePin)
    [Anonymous Symbol]                       0x08000798   Section        0  stm32l0xx_hal.o(.text.HAL_GetTick)
    __arm_cp.6_0                             0x080007a0   Number         4  stm32l0xx_hal.o(.text.HAL_GetTick)
    [Anonymous Symbol]                       0x080007a4   Section        0  stm32l0xx_hal_i2c.o(.text.HAL_I2C_Init)
    __arm_cp.0_0                             0x080008ac   Number         4  stm32l0xx_hal_i2c.o(.text.HAL_I2C_Init)
    [Anonymous Symbol]                       0x080008b0   Section        0  stm32l0xx_hal_i2c.o(.text.HAL_I2C_Master_Transmit)
    __arm_cp.4_0                             0x08000aa8   Number         4  stm32l0xx_hal_i2c.o(.text.HAL_I2C_Master_Transmit)
    [Anonymous Symbol]                       0x08000aac   Section        0  stm32l0xx_hal_i2c.o(.text.HAL_I2C_MspInit)
    [Anonymous Symbol]                       0x08000ab4   Section        0  main.o(.text.I2C1_Init)
    __arm_cp.3_0                             0x08000b24   Number         4  main.o(.text.I2C1_Init)
    __arm_cp.3_1                             0x08000b28   Number         4  main.o(.text.I2C1_Init)
    __arm_cp.3_2                             0x08000b2c   Number         4  main.o(.text.I2C1_Init)
    __arm_cp.3_3                             0x08000b30   Number         4  main.o(.text.I2C1_Init)
    __arm_cp.3_4                             0x08000b34   Number         4  main.o(.text.I2C1_Init)
    __arm_cp.3_5                             0x08000b38   Number         4  main.o(.text.I2C1_Init)
    I2C_Flush_TXDR                           0x08000b3d   Thumb Code    64  stm32l0xx_hal_i2c.o(.text.I2C_Flush_TXDR)
    [Anonymous Symbol]                       0x08000b3c   Section        0  stm32l0xx_hal_i2c.o(.text.I2C_Flush_TXDR)
    I2C_IsErrorOccurred                      0x08000b7d   Thumb Code   500  stm32l0xx_hal_i2c.o(.text.I2C_IsErrorOccurred)
    [Anonymous Symbol]                       0x08000b7c   Section        0  stm32l0xx_hal_i2c.o(.text.I2C_IsErrorOccurred)
    __arm_cp.80_0                            0x08000d70   Number         4  stm32l0xx_hal_i2c.o(.text.I2C_IsErrorOccurred)
    I2C_TransferConfig                       0x08000d75   Thumb Code    76  stm32l0xx_hal_i2c.o(.text.I2C_TransferConfig)
    [Anonymous Symbol]                       0x08000d74   Section        0  stm32l0xx_hal_i2c.o(.text.I2C_TransferConfig)
    __arm_cp.6_0                             0x08000dc0   Number         4  stm32l0xx_hal_i2c.o(.text.I2C_TransferConfig)
    __arm_cp.6_1                             0x08000dc4   Number         4  stm32l0xx_hal_i2c.o(.text.I2C_TransferConfig)
    I2C_WaitOnFlagUntilTimeout               0x08000dc9   Thumb Code   170  stm32l0xx_hal_i2c.o(.text.I2C_WaitOnFlagUntilTimeout)
    [Anonymous Symbol]                       0x08000dc8   Section        0  stm32l0xx_hal_i2c.o(.text.I2C_WaitOnFlagUntilTimeout)
    I2C_WaitOnSTOPFlagUntilTimeout           0x08000e73   Thumb Code   160  stm32l0xx_hal_i2c.o(.text.I2C_WaitOnSTOPFlagUntilTimeout)
    [Anonymous Symbol]                       0x08000e72   Section        0  stm32l0xx_hal_i2c.o(.text.I2C_WaitOnSTOPFlagUntilTimeout)
    I2C_WaitOnTXISFlagUntilTimeout           0x08000f13   Thumb Code   172  stm32l0xx_hal_i2c.o(.text.I2C_WaitOnTXISFlagUntilTimeout)
    [Anonymous Symbol]                       0x08000f12   Section        0  stm32l0xx_hal_i2c.o(.text.I2C_WaitOnTXISFlagUntilTimeout)
    [Anonymous Symbol]                       0x08000fbe   Section        0  ssd1306.o(.text.SSD1306_Clear)
    [Anonymous Symbol]                       0x0800100c   Section        0  ssd1306.o(.text.SSD1306_Init)
    __arm_cp.0_0                             0x080010c8   Number         4  ssd1306.o(.text.SSD1306_Init)
    SSD1306_SendCommand                      0x080010cd   Thumb Code    36  ssd1306.o(.text.SSD1306_SendCommand)
    [Anonymous Symbol]                       0x080010cc   Section        0  ssd1306.o(.text.SSD1306_SendCommand)
    SSD1306_SendData                         0x080010f1   Thumb Code    56  ssd1306.o(.text.SSD1306_SendData)
    [Anonymous Symbol]                       0x080010f0   Section        0  ssd1306.o(.text.SSD1306_SendData)
    __arm_cp.3_0                             0x08001128   Number         4  ssd1306.o(.text.SSD1306_SendData)
    [Anonymous Symbol]                       0x0800112c   Section        0  ssd1306.o(.text.SSD1306_SetCursor)
    [Anonymous Symbol]                       0x08001160   Section        0  ssd1306.o(.text.SSD1306_WriteChar)
    __arm_cp.6_0                             0x080011ac   Number         4  ssd1306.o(.text.SSD1306_WriteChar)
    [Anonymous Symbol]                       0x080011b0   Section        0  ssd1306.o(.text.SSD1306_WriteString)
    SysTick_Config                           0x080011d5   Thumb Code    68  main.o(.text.SysTick_Config)
    [Anonymous Symbol]                       0x080011d4   Section        0  main.o(.text.SysTick_Config)
    __arm_cp.2_0                             0x08001218   Number         4  main.o(.text.SysTick_Config)
    __arm_cp.2_1                             0x0800121c   Number         4  main.o(.text.SysTick_Config)
    __arm_cp.2_2                             0x08001220   Number         4  main.o(.text.SysTick_Config)
    [Anonymous Symbol]                       0x08001224   Section        0  main.o(.text.SysTick_Handler)
    [Anonymous Symbol]                       0x0800122c   Section        0  system_stm32l0xx.o(.text.SystemInit)
    __NVIC_SetPriority                       0x08001231   Thumb Code   124  main.o(.text.__NVIC_SetPriority)
    [Anonymous Symbol]                       0x08001230   Section        0  main.o(.text.__NVIC_SetPriority)
    __arm_cp.5_0                             0x080012ac   Number         4  main.o(.text.__NVIC_SetPriority)
    __arm_cp.5_1                             0x080012b0   Number         4  main.o(.text.__NVIC_SetPriority)
    [Anonymous Symbol]                       0x080012b4   Section        0  delay.o(.text.delay)
    [Anonymous Symbol]                       0x080012d0   Section        0  delay.o(.text.delay_tick)
    __arm_cp.0_0                             0x080012e8   Number         4  delay.o(.text.delay_tick)
    [Anonymous Symbol]                       0x080012ec   Section        0  main.o(.text.main)
    __arm_cp.1_0                             0x08001388   Number         4  main.o(.text.main)
    __arm_cp.1_1                             0x0800138c   Number         4  main.o(.text.main)
    __arm_cp.1_2                             0x08001390   Number         4  main.o(.text.main)
    __arm_cp.1_3                             0x08001394   Number         4  main.o(.text.main)
    __arm_cp.1_4                             0x08001398   Number         4  main.o(.text.main)
    Font5x7                                  0x0800139c   Data         455  ssd1306.o(.rodata.Font5x7)
    [Anonymous Symbol]                       0x0800139c   Section        0  ssd1306.o(.rodata.Font5x7)
    [Anonymous Symbol]                       0x08001563   Section        0  main.o(.rodata.str1.1)
    .bss                                     0x20000008   Section       96  libspace.o(.bss)
    Heap_Mem                                 0x200000c8   Data         512  startup_stm32l031xx.o(HEAP)
    HEAP                                     0x200000c8   Section      512  startup_stm32l031xx.o(HEAP)
    Stack_Mem                                0x200002c8   Data        1024  startup_stm32l031xx.o(STACK)
    STACK                                    0x200002c8   Section     1024  startup_stm32l031xx.o(STACK)
    __initial_sp                             0x200006c8   Data           0  startup_stm32l031xx.o(STACK)

    Global Symbols

    Symbol Name                              Value     Ov Type        Size  Object(Section)

    BuildAttributes$$THM_ISAv3M$S$PE$A:L22$X:L11$S22$IEEE1$IW$~IW$USESV6$~STKCKD$USESV7$~SHL$OSPACE$ROPI$EBA8$UX$STANDARDLIB$REQ8$PRES8$EABIv2 0x00000000   Number         0  anon$$obj.o ABSOLUTE
    __ARM_exceptions_init                     - Undefined Weak Reference
    __alloca_initialize                       - Undefined Weak Reference
    __arm_preinit_                            - Undefined Weak Reference
    __arm_relocate_pie_                       - Undefined Weak Reference
    __cpp_initialize__aeabi_                  - Undefined Weak Reference
    __cxa_finalize                            - Undefined Weak Reference
    __rt_locale                               - Undefined Weak Reference
    __sigvec_lookup                           - Undefined Weak Reference
    _atexit_init                              - Undefined Weak Reference
    _call_atexit_fns                          - Undefined Weak Reference
    _clock_init                               - Undefined Weak Reference
    _fp_trap_init                             - Undefined Weak Reference
    _fp_trap_shutdown                         - Undefined Weak Reference
    _get_lc_collate                           - Undefined Weak Reference
    _get_lc_ctype                             - Undefined Weak Reference
    _get_lc_monetary                          - Undefined Weak Reference
    _get_lc_numeric                           - Undefined Weak Reference
    _get_lc_time                              - Undefined Weak Reference
    _getenv_init                              - Undefined Weak Reference
    _handle_redirection                       - Undefined Weak Reference
    _init_alloc                               - Undefined Weak Reference
    _init_user_alloc                          - Undefined Weak Reference
    _initio                                   - Undefined Weak Reference
    _rand_init                                - Undefined Weak Reference
    _signal_finish                            - Undefined Weak Reference
    _signal_init                              - Undefined Weak Reference
    _terminate_alloc                          - Undefined Weak Reference
    _terminate_user_alloc                     - Undefined Weak Reference
    _terminateio                              - Undefined Weak Reference
    __Vectors_Size                           0x000000c0   Number         0  startup_stm32l031xx.o ABSOLUTE
    __Vectors                                0x08000000   Data           4  startup_stm32l031xx.o(RESET)
    __Vectors_End                            0x080000c0   Data           0  startup_stm32l031xx.o(RESET)
    __main                                   0x080000c1   Thumb Code     8  __main.o(!!!main)
    __scatterload                            0x080000c9   Thumb Code     0  __scatter.o(!!!scatter)
    __scatterload_rt2                        0x080000c9   Thumb Code    74  __scatter.o(!!!scatter)
    __scatterload_rt2_thumb_only             0x080000c9   Thumb Code     0  __scatter.o(!!!scatter)
    __scatterload_loop                       0x080000d3   Thumb Code     0  __scatter.o(!!!scatter)
    __scatterload_copy                       0x0800011d   Thumb Code    26  __scatter_copy.o(!!handler_copy)
    __scatterload_null                       0x08000139   Thumb Code     2  __scatter.o(!!handler_null)
    __scatterload_zeroinit                   0x0800013d   Thumb Code    28  __scatter_zi.o(!!handler_zi)
    __rt_lib_init                            0x08000159   Thumb Code     0  libinit.o(.ARM.Collect$$libinit$$00000000)
    __rt_lib_init_alloca_1                   0x0800015b   Thumb Code     0  libinit2.o(.ARM.Collect$$libinit$$00000030)
    __rt_lib_init_argv_1                     0x0800015b   Thumb Code     0  libinit2.o(.ARM.Collect$$libinit$$0000002E)
    __rt_lib_init_atexit_1                   0x0800015b   Thumb Code     0  libinit2.o(.ARM.Collect$$libinit$$0000001D)
    __rt_lib_init_clock_1                    0x0800015b   Thumb Code     0  libinit2.o(.ARM.Collect$$libinit$$00000023)
    __rt_lib_init_cpp_1                      0x0800015b   Thumb Code     0  libinit2.o(.ARM.Collect$$libinit$$00000034)
    __rt_lib_init_exceptions_1               0x0800015b   Thumb Code     0  libinit2.o(.ARM.Collect$$libinit$$00000032)
    __rt_lib_init_fp_1                       0x0800015b   Thumb Code     0  libinit2.o(.ARM.Collect$$libinit$$00000002)
    __rt_lib_init_fp_trap_1                  0x0800015b   Thumb Code     0  libinit2.o(.ARM.Collect$$libinit$$00000021)
    __rt_lib_init_getenv_1                   0x0800015b   Thumb Code     0  libinit2.o(.ARM.Collect$$libinit$$00000025)
    __rt_lib_init_heap_1                     0x0800015b   Thumb Code     0  libinit2.o(.ARM.Collect$$libinit$$0000000C)
    __rt_lib_init_lc_collate_1               0x0800015b   Thumb Code     0  libinit2.o(.ARM.Collect$$libinit$$00000013)
    __rt_lib_init_lc_ctype_1                 0x0800015b   Thumb Code     0  libinit2.o(.ARM.Collect$$libinit$$00000015)
    __rt_lib_init_lc_monetary_1              0x0800015b   Thumb Code     0  libinit2.o(.ARM.Collect$$libinit$$00000017)
    __rt_lib_init_lc_numeric_1               0x0800015b   Thumb Code     0  libinit2.o(.ARM.Collect$$libinit$$00000019)
    __rt_lib_init_lc_time_1                  0x0800015b   Thumb Code     0  libinit2.o(.ARM.Collect$$libinit$$0000001B)
    __rt_lib_init_preinit_1                  0x0800015b   Thumb Code     0  libinit2.o(.ARM.Collect$$libinit$$00000006)
    __rt_lib_init_rand_1                     0x0800015b   Thumb Code     0  libinit2.o(.ARM.Collect$$libinit$$00000010)
    __rt_lib_init_relocate_pie_1             0x0800015b   Thumb Code     0  libinit2.o(.ARM.Collect$$libinit$$00000004)
    __rt_lib_init_return                     0x0800015b   Thumb Code     0  libinit2.o(.ARM.Collect$$libinit$$00000035)
    __rt_lib_init_signal_1                   0x0800015b   Thumb Code     0  libinit2.o(.ARM.Collect$$libinit$$0000001F)
    __rt_lib_init_stdio_1                    0x0800015b   Thumb Code     0  libinit2.o(.ARM.Collect$$libinit$$00000027)
    __rt_lib_init_user_alloc_1               0x0800015b   Thumb Code     0  libinit2.o(.ARM.Collect$$libinit$$0000000E)
    __rt_lib_shutdown                        0x0800015d   Thumb Code     0  libshutdown.o(.ARM.Collect$$libshutdown$$00000000)
    __rt_lib_shutdown_cpp_1                  0x0800015f   Thumb Code     0  libshutdown2.o(.ARM.Collect$$libshutdown$$00000002)
    __rt_lib_shutdown_fp_trap_1              0x0800015f   Thumb Code     0  libshutdown2.o(.ARM.Collect$$libshutdown$$00000007)
    __rt_lib_shutdown_heap_1                 0x0800015f   Thumb Code     0  libshutdown2.o(.ARM.Collect$$libshutdown$$0000000F)
    __rt_lib_shutdown_return                 0x0800015f   Thumb Code     0  libshutdown2.o(.ARM.Collect$$libshutdown$$00000010)
    __rt_lib_shutdown_signal_1               0x0800015f   Thumb Code     0  libshutdown2.o(.ARM.Collect$$libshutdown$$0000000A)
    __rt_lib_shutdown_stdio_1                0x0800015f   Thumb Code     0  libshutdown2.o(.ARM.Collect$$libshutdown$$00000004)
    __rt_lib_shutdown_user_alloc_1           0x0800015f   Thumb Code     0  libshutdown2.o(.ARM.Collect$$libshutdown$$0000000C)
    __rt_entry                               0x08000161   Thumb Code     0  __rtentry.o(.ARM.Collect$$rtentry$$00000000)
    __rt_entry_presh_1                       0x08000161   Thumb Code     0  __rtentry2.o(.ARM.Collect$$rtentry$$00000002)
    __rt_entry_sh                            0x08000161   Thumb Code     0  __rtentry4.o(.ARM.Collect$$rtentry$$00000004)
    __rt_entry_li                            0x08000167   Thumb Code     0  __rtentry2.o(.ARM.Collect$$rtentry$$0000000A)
    __rt_entry_postsh_1                      0x08000167   Thumb Code     0  __rtentry2.o(.ARM.Collect$$rtentry$$00000009)
    __rt_entry_main                          0x0800016b   Thumb Code     0  __rtentry2.o(.ARM.Collect$$rtentry$$0000000D)
    __rt_entry_postli_1                      0x0800016b   Thumb Code     0  __rtentry2.o(.ARM.Collect$$rtentry$$0000000C)
    __rt_exit                                0x08000173   Thumb Code     0  rtexit.o(.ARM.Collect$$rtexit$$00000000)
    __rt_exit_ls                             0x08000175   Thumb Code     0  rtexit2.o(.ARM.Collect$$rtexit$$00000003)
    __rt_exit_prels_1                        0x08000175   Thumb Code     0  rtexit2.o(.ARM.Collect$$rtexit$$00000002)
    __rt_exit_exit                           0x08000179   Thumb Code     0  rtexit2.o(.ARM.Collect$$rtexit$$00000004)
    __aeabi_memcpy4                          0x08000181   Thumb Code    56  rt_memcpy.o(.emb_text)
    __aeabi_memcpy8                          0x08000181   Thumb Code     0  rt_memcpy.o(.emb_text)
    Reset_Handler                            0x080001b9   Thumb Code     8  startup_stm32l031xx.o(.text)
    NMI_Handler                              0x080001c1   Thumb Code     2  startup_stm32l031xx.o(.text)
    HardFault_Handler                        0x080001c3   Thumb Code     2  startup_stm32l031xx.o(.text)
    SVC_Handler                              0x080001c5   Thumb Code     2  startup_stm32l031xx.o(.text)
    PendSV_Handler                           0x080001c7   Thumb Code     2  startup_stm32l031xx.o(.text)
    ADC1_COMP_IRQHandler                     0x080001cb   Thumb Code     0  startup_stm32l031xx.o(.text)
    DMA1_Channel1_IRQHandler                 0x080001cb   Thumb Code     0  startup_stm32l031xx.o(.text)
    DMA1_Channel2_3_IRQHandler               0x080001cb   Thumb Code     0  startup_stm32l031xx.o(.text)
    DMA1_Channel4_5_6_7_IRQHandler           0x080001cb   Thumb Code     0  startup_stm32l031xx.o(.text)
    EXTI0_1_IRQHandler                       0x080001cb   Thumb Code     0  startup_stm32l031xx.o(.text)
    EXTI2_3_IRQHandler                       0x080001cb   Thumb Code     0  startup_stm32l031xx.o(.text)
    EXTI4_15_IRQHandler                      0x080001cb   Thumb Code     0  startup_stm32l031xx.o(.text)
    FLASH_IRQHandler                         0x080001cb   Thumb Code     0  startup_stm32l031xx.o(.text)
    I2C1_IRQHandler                          0x080001cb   Thumb Code     0  startup_stm32l031xx.o(.text)
    LPTIM1_IRQHandler                        0x080001cb   Thumb Code     0  startup_stm32l031xx.o(.text)
    LPUART1_IRQHandler                       0x080001cb   Thumb Code     0  startup_stm32l031xx.o(.text)
    PVD_IRQHandler                           0x080001cb   Thumb Code     0  startup_stm32l031xx.o(.text)
    RCC_IRQHandler                           0x080001cb   Thumb Code     0  startup_stm32l031xx.o(.text)
    RTC_IRQHandler                           0x080001cb   Thumb Code     0  startup_stm32l031xx.o(.text)
    SPI1_IRQHandler                          0x080001cb   Thumb Code     0  startup_stm32l031xx.o(.text)
    TIM21_IRQHandler                         0x080001cb   Thumb Code     0  startup_stm32l031xx.o(.text)
    TIM22_IRQHandler                         0x080001cb   Thumb Code     0  startup_stm32l031xx.o(.text)
    TIM2_IRQHandler                          0x080001cb   Thumb Code     0  startup_stm32l031xx.o(.text)
    USART2_IRQHandler                        0x080001cb   Thumb Code     0  startup_stm32l031xx.o(.text)
    WWDG_IRQHandler                          0x080001cb   Thumb Code     0  startup_stm32l031xx.o(.text)
    __user_initial_stackheap                 0x080001cd   Thumb Code     0  startup_stm32l031xx.o(.text)
    __aeabi_memcpy                           0x080001f1   Thumb Code   130  rt_memcpy.o(.text)
    __rt_memcpy                              0x080001f1   Thumb Code     0  rt_memcpy.o(.text)
    _memset_w                                0x08000273   Thumb Code    26  rt_memclr.o(.text)
    _memset                                  0x0800028d   Thumb Code    30  rt_memclr.o(.text)
    __aeabi_memclr                           0x080002ab   Thumb Code     4  rt_memclr.o(.text)
    __rt_memclr                              0x080002ab   Thumb Code     0  rt_memclr.o(.text)
    __aeabi_memclr4                          0x080002af   Thumb Code     0  rt_memclr.o(.text)
    __aeabi_memclr8                          0x080002af   Thumb Code     0  rt_memclr.o(.text)
    __rt_memclr_w                            0x080002af   Thumb Code     4  rt_memclr.o(.text)
    __aeabi_uidiv                            0x080002b5   Thumb Code     0  aeabi_sdiv.o(.text)
    __aeabi_uidivmod                         0x080002b5   Thumb Code    20  aeabi_sdiv.o(.text)
    __aeabi_idiv                             0x080002c9   Thumb Code     0  aeabi_sdiv.o(.text)
    __aeabi_idivmod                          0x080002c9   Thumb Code   338  aeabi_sdiv.o(.text)
    __use_two_region_memory                  0x08000421   Thumb Code     2  heapauxi.o(.text)
    __rt_heap_escrow$2region                 0x08000423   Thumb Code     2  heapauxi.o(.text)
    __rt_heap_expand$2region                 0x08000425   Thumb Code     2  heapauxi.o(.text)
    __user_setup_stackheap                   0x08000427   Thumb Code    62  sys_stackheap_outer.o(.text)
    exit                                     0x08000465   Thumb Code    16  exit.o(.text)
    __user_libspace                          0x08000475   Thumb Code     8  libspace.o(.text)
    __user_perproc_libspace                  0x08000475   Thumb Code     0  libspace.o(.text)
    __user_perthread_libspace                0x08000475   Thumb Code     0  libspace.o(.text)
    _sys_exit                                0x0800047d   Thumb Code     8  sys_exit.o(.text)
    __I$use$semihosting                      0x08000489   Thumb Code     0  use_no_semi.o(.text)
    __use_no_semihosting_swi                 0x08000489   Thumb Code     2  use_no_semi.o(.text)
    __semihosting_library_function           0x0800048b   Thumb Code     0  indicate_semi.o(.text)
    HAL_GPIO_Init                            0x0800048d   Thumb Code   700  stm32l0xx_hal_gpio.o(.text.HAL_GPIO_Init)
    HAL_GPIO_WritePin                        0x0800076d   Thumb Code    44  stm32l0xx_hal_gpio.o(.text.HAL_GPIO_WritePin)
    HAL_GetTick                              0x08000799   Thumb Code     8  stm32l0xx_hal.o(.text.HAL_GetTick)
    HAL_I2C_Init                             0x080007a5   Thumb Code   264  stm32l0xx_hal_i2c.o(.text.HAL_I2C_Init)
    HAL_I2C_Master_Transmit                  0x080008b1   Thumb Code   504  stm32l0xx_hal_i2c.o(.text.HAL_I2C_Master_Transmit)
    HAL_I2C_MspInit                          0x08000aad   Thumb Code     8  stm32l0xx_hal_i2c.o(.text.HAL_I2C_MspInit)
    I2C1_Init                                0x08000ab5   Thumb Code   112  main.o(.text.I2C1_Init)
    SSD1306_Clear                            0x08000fbf   Thumb Code    76  ssd1306.o(.text.SSD1306_Clear)
    SSD1306_Init                             0x0800100d   Thumb Code   188  ssd1306.o(.text.SSD1306_Init)
    SSD1306_SetCursor                        0x0800112d   Thumb Code    52  ssd1306.o(.text.SSD1306_SetCursor)
    SSD1306_WriteChar                        0x08001161   Thumb Code    76  ssd1306.o(.text.SSD1306_WriteChar)
    SSD1306_WriteString                      0x080011b1   Thumb Code    36  ssd1306.o(.text.SSD1306_WriteString)
    SysTick_Handler                          0x08001225   Thumb Code     8  main.o(.text.SysTick_Handler)
    SystemInit                               0x0800122d   Thumb Code     2  system_stm32l0xx.o(.text.SystemInit)
    delay                                    0x080012b5   Thumb Code    28  delay.o(.text.delay)
    delay_tick                               0x080012d1   Thumb Code    24  delay.o(.text.delay_tick)
    main                                     0x080012ed   Thumb Code   156  main.o(.text.main)
    Region$$Table$$Base                      0x08001574   Number         0  anon$$obj.o(Region$$Table)
    Region$$Table$$Limit                     0x08001594   Number         0  anon$$obj.o(Region$$Table)
    SystemCoreClock                          0x20000000   Data           4  system_stm32l0xx.o(.data.SystemCoreClock)
    __libspace_start                         0x20000008   Data          96  libspace.o(.bss)
    __temporary_stack_top$libspace           0x20000068   Data           0  libspace.o(.bss)
    delay_time                               0x20000068   Data           4  delay.o(.bss.delay_time)
    hi2c1                                    0x2000006c   Data          84  main.o(.bss.hi2c1)
    uwTick                                   0x200000c0   Data           4  stm32l0xx_hal.o(.bss.uwTick)



==============================================================================

Memory Map of the image

  Image Entry point : 0x080001b9

  Load Region LR_1 (Base: 0x08000000, Size: 0x00001598, Max: 0xffffffff, ABSOLUTE)

    Execution Region ER_RO (Exec base: 0x08000000, Load base: 0x08000000, Size: 0x00001594, Max: 0xffffffff, ABSOLUTE)

    Exec Addr    Load Addr    Size         Type   Attr      Idx    E Section Name        Object

    0x08000000   0x08000000   0x000000c0   Data   RO          639    RESET               startup_stm32l031xx.o
    0x080000c0   0x080000c0   0x00000008   Code   RO          681  * !!!main             c_p.l(__main.o)
    0x080000c8   0x080000c8   0x00000054   Code   RO          862    !!!scatter          c_p.l(__scatter.o)
    0x0800011c   0x0800011c   0x0000001a   Code   RO          866    !!handler_copy      c_p.l(__scatter_copy.o)
    0x08000136   0x08000136   0x00000002   PAD
    0x08000138   0x08000138   0x00000002   Code   RO          863    !!handler_null      c_p.l(__scatter.o)
    0x0800013a   0x0800013a   0x00000002   PAD
    0x0800013c   0x0800013c   0x0000001c   Code   RO          868    !!handler_zi        c_p.l(__scatter_zi.o)
    0x08000158   0x08000158   0x00000002   Code   RO          723    .ARM.Collect$$libinit$$00000000  c_p.l(libinit.o)
    0x0800015a   0x0800015a   0x00000000   Code   RO          737    .ARM.Collect$$libinit$$00000002  c_p.l(libinit2.o)
    0x0800015a   0x0800015a   0x00000000   Code   RO          739    .ARM.Collect$$libinit$$00000004  c_p.l(libinit2.o)
    0x0800015a   0x0800015a   0x00000000   Code   RO          741    .ARM.Collect$$libinit$$00000006  c_p.l(libinit2.o)
    0x0800015a   0x0800015a   0x00000000   Code   RO          744    .ARM.Collect$$libinit$$0000000C  c_p.l(libinit2.o)
    0x0800015a   0x0800015a   0x00000000   Code   RO          746    .ARM.Collect$$libinit$$0000000E  c_p.l(libinit2.o)
    0x0800015a   0x0800015a   0x00000000   Code   RO          748    .ARM.Collect$$libinit$$00000010  c_p.l(libinit2.o)
    0x0800015a   0x0800015a   0x00000000   Code   RO          751    .ARM.Collect$$libinit$$00000013  c_p.l(libinit2.o)
    0x0800015a   0x0800015a   0x00000000   Code   RO          753    .ARM.Collect$$libinit$$00000015  c_p.l(libinit2.o)
    0x0800015a   0x0800015a   0x00000000   Code   RO          755    .ARM.Collect$$libinit$$00000017  c_p.l(libinit2.o)
    0x0800015a   0x0800015a   0x00000000   Code   RO          757    .ARM.Collect$$libinit$$00000019  c_p.l(libinit2.o)
    0x0800015a   0x0800015a   0x00000000   Code   RO          759    .ARM.Collect$$libinit$$0000001B  c_p.l(libinit2.o)
    0x0800015a   0x0800015a   0x00000000   Code   RO          761    .ARM.Collect$$libinit$$0000001D  c_p.l(libinit2.o)
    0x0800015a   0x0800015a   0x00000000   Code   RO          763    .ARM.Collect$$libinit$$0000001F  c_p.l(libinit2.o)
    0x0800015a   0x0800015a   0x00000000   Code   RO          765    .ARM.Collect$$libinit$$00000021  c_p.l(libinit2.o)
    0x0800015a   0x0800015a   0x00000000   Code   RO          767    .ARM.Collect$$libinit$$00000023  c_p.l(libinit2.o)
    0x0800015a   0x0800015a   0x00000000   Code   RO          769    .ARM.Collect$$libinit$$00000025  c_p.l(libinit2.o)
    0x0800015a   0x0800015a   0x00000000   Code   RO          771    .ARM.Collect$$libinit$$00000027  c_p.l(libinit2.o)
    0x0800015a   0x0800015a   0x00000000   Code   RO          775    .ARM.Collect$$libinit$$0000002E  c_p.l(libinit2.o)
    0x0800015a   0x0800015a   0x00000000   Code   RO          777    .ARM.Collect$$libinit$$00000030  c_p.l(libinit2.o)
    0x0800015a   0x0800015a   0x00000000   Code   RO          779    .ARM.Collect$$libinit$$00000032  c_p.l(libinit2.o)
    0x0800015a   0x0800015a   0x00000000   Code   RO          781    .ARM.Collect$$libinit$$00000034  c_p.l(libinit2.o)
    0x0800015a   0x0800015a   0x00000002   Code   RO          782    .ARM.Collect$$libinit$$00000035  c_p.l(libinit2.o)
    0x0800015c   0x0800015c   0x00000002   Code   RO          817    .ARM.Collect$$libshutdown$$00000000  c_p.l(libshutdown.o)
    0x0800015e   0x0800015e   0x00000000   Code   RO          845    .ARM.Collect$$libshutdown$$00000002  c_p.l(libshutdown2.o)
    0x0800015e   0x0800015e   0x00000000   Code   RO          847    .ARM.Collect$$libshutdown$$00000004  c_p.l(libshutdown2.o)
    0x0800015e   0x0800015e   0x00000000   Code   RO          850    .ARM.Collect$$libshutdown$$00000007  c_p.l(libshutdown2.o)
    0x0800015e   0x0800015e   0x00000000   Code   RO          853    .ARM.Collect$$libshutdown$$0000000A  c_p.l(libshutdown2.o)
    0x0800015e   0x0800015e   0x00000000   Code   RO          855    .ARM.Collect$$libshutdown$$0000000C  c_p.l(libshutdown2.o)
    0x0800015e   0x0800015e   0x00000000   Code   RO          858    .ARM.Collect$$libshutdown$$0000000F  c_p.l(libshutdown2.o)
    0x0800015e   0x0800015e   0x00000002   Code   RO          859    .ARM.Collect$$libshutdown$$00000010  c_p.l(libshutdown2.o)
    0x08000160   0x08000160   0x00000000   Code   RO          683    .ARM.Collect$$rtentry$$00000000  c_p.l(__rtentry.o)
    0x08000160   0x08000160   0x00000000   Code   RO          693    .ARM.Collect$$rtentry$$00000002  c_p.l(__rtentry2.o)
    0x08000160   0x08000160   0x00000006   Code   RO          705    .ARM.Collect$$rtentry$$00000004  c_p.l(__rtentry4.o)
    0x08000166   0x08000166   0x00000000   Code   RO          695    .ARM.Collect$$rtentry$$00000009  c_p.l(__rtentry2.o)
    0x08000166   0x08000166   0x00000004   Code   RO          696    .ARM.Collect$$rtentry$$0000000A  c_p.l(__rtentry2.o)
    0x0800016a   0x0800016a   0x00000000   Code   RO          698    .ARM.Collect$$rtentry$$0000000C  c_p.l(__rtentry2.o)
    0x0800016a   0x0800016a   0x00000008   Code   RO          699    .ARM.Collect$$rtentry$$0000000D  c_p.l(__rtentry2.o)
    0x08000172   0x08000172   0x00000002   Code   RO          728    .ARM.Collect$$rtexit$$00000000  c_p.l(rtexit.o)
    0x08000174   0x08000174   0x00000000   Code   RO          788    .ARM.Collect$$rtexit$$00000002  c_p.l(rtexit2.o)
    0x08000174   0x08000174   0x00000004   Code   RO          789    .ARM.Collect$$rtexit$$00000003  c_p.l(rtexit2.o)
    0x08000178   0x08000178   0x00000006   Code   RO          790    .ARM.Collect$$rtexit$$00000004  c_p.l(rtexit2.o)
    0x0800017e   0x0800017e   0x00000002   PAD
    0x08000180   0x08000180   0x00000038   Code   RO          667    .emb_text           c_p.l(rt_memcpy.o)
    0x080001b8   0x080001b8   0x00000038   Code   RO          640  * .text               startup_stm32l031xx.o
    0x080001f0   0x080001f0   0x00000082   Code   RO          668    .text               c_p.l(rt_memcpy.o)
    0x08000272   0x08000272   0x00000040   Code   RO          673    .text               c_p.l(rt_memclr.o)
    0x080002b2   0x080002b2   0x00000002   PAD
    0x080002b4   0x080002b4   0x0000016c   Code   RO          675    .text               c_p.l(aeabi_sdiv.o)
    0x08000420   0x08000420   0x00000006   Code   RO          679    .text               c_p.l(heapauxi.o)
    0x08000426   0x08000426   0x0000003e   Code   RO          709    .text               c_p.l(sys_stackheap_outer.o)
    0x08000464   0x08000464   0x00000010   Code   RO          712    .text               c_p.l(exit.o)
    0x08000474   0x08000474   0x00000008   Code   RO          724    .text               c_p.l(libspace.o)
    0x0800047c   0x0800047c   0x0000000c   Code   RO          783    .text               c_p.l(sys_exit.o)
    0x08000488   0x08000488   0x00000002   Code   RO          806    .text               c_p.l(use_no_semi.o)
    0x0800048a   0x0800048a   0x00000000   Code   RO          808    .text               c_p.l(indicate_semi.o)
    0x0800048a   0x0800048a   0x00000002   PAD
    0x0800048c   0x0800048c   0x000002e0   Code   RO          309    .text.HAL_GPIO_Init  stm32l0xx_hal_gpio.o
    0x0800076c   0x0800076c   0x0000002c   Code   RO          315    .text.HAL_GPIO_WritePin  stm32l0xx_hal_gpio.o
    0x08000798   0x08000798   0x0000000c   Code   RO           76    .text.HAL_GetTick   stm32l0xx_hal.o
    0x080007a4   0x080007a4   0x0000010c   Code   RO          332    .text.HAL_I2C_Init  stm32l0xx_hal_i2c.o
    0x080008b0   0x080008b0   0x000001fc   Code   RO          340    .text.HAL_I2C_Master_Transmit  stm32l0xx_hal_i2c.o
    0x08000aac   0x08000aac   0x00000008   Code   RO          334    .text.HAL_I2C_MspInit  stm32l0xx_hal_i2c.o
    0x08000ab4   0x08000ab4   0x00000088   Code   RO            8    .text.I2C1_Init     main.o
    0x08000b3c   0x08000b3c   0x00000040   Code   RO          356    .text.I2C_Flush_TXDR  stm32l0xx_hal_i2c.o
    0x08000b7c   0x08000b7c   0x000001f8   Code   RO          492    .text.I2C_IsErrorOccurred  stm32l0xx_hal_i2c.o
    0x08000d74   0x08000d74   0x00000054   Code   RO          344    .text.I2C_TransferConfig  stm32l0xx_hal_i2c.o
    0x08000dc8   0x08000dc8   0x000000aa   Code   RO          342    .text.I2C_WaitOnFlagUntilTimeout  stm32l0xx_hal_i2c.o
    0x08000e72   0x08000e72   0x000000a0   Code   RO          348    .text.I2C_WaitOnSTOPFlagUntilTimeout  stm32l0xx_hal_i2c.o
    0x08000f12   0x08000f12   0x000000ac   Code   RO          346    .text.I2C_WaitOnTXISFlagUntilTimeout  stm32l0xx_hal_i2c.o
    0x08000fbe   0x08000fbe   0x0000004c   Code   RO           40    .text.SSD1306_Clear  ssd1306.o
    0x0800100a   0x0800100a   0x00000002   PAD
    0x0800100c   0x0800100c   0x000000c0   Code   RO           36    .text.SSD1306_Init  ssd1306.o
    0x080010cc   0x080010cc   0x00000024   Code   RO           38    .text.SSD1306_SendCommand  ssd1306.o
    0x080010f0   0x080010f0   0x0000003c   Code   RO           42    .text.SSD1306_SendData  ssd1306.o
    0x0800112c   0x0800112c   0x00000034   Code   RO           46    .text.SSD1306_SetCursor  ssd1306.o
    0x08001160   0x08001160   0x00000050   Code   RO           48    .text.SSD1306_WriteChar  ssd1306.o
    0x080011b0   0x080011b0   0x00000024   Code   RO           50    .text.SSD1306_WriteString  ssd1306.o
    0x080011d4   0x080011d4   0x00000050   Code   RO            6    .text.SysTick_Config  main.o
    0x08001224   0x08001224   0x00000008   Code   RO            2    .text.SysTick_Handler  main.o
    0x0800122c   0x0800122c   0x00000002   Code   RO          647    .text.SystemInit    system_stm32l0xx.o
    0x0800122e   0x0800122e   0x00000002   PAD
    0x08001230   0x08001230   0x00000084   Code   RO           12    .text.__NVIC_SetPriority  main.o
    0x080012b4   0x080012b4   0x0000001c   Code   RO           26    .text.delay         delay.o
    0x080012d0   0x080012d0   0x0000001c   Code   RO           24    .text.delay_tick    delay.o
    0x080012ec   0x080012ec   0x000000b0   Code   RO            4    .text.main          main.o
    0x0800139c   0x0800139c   0x000001c7   Data   RO           56    .rodata.Font5x7     ssd1306.o
    0x08001563   0x08001563   0x00000010   Data   RO           14    .rodata.str1.1      main.o
    0x08001573   0x08001573   0x00000001   PAD
    0x08001574   0x08001574   0x00000020   Data   RO          861    Region$$Table       anon$$obj.o


    Execution Region ER_RW (Exec base: 0x20000000, Load base: 0x08001594, Size: 0x00000004, Max: 0xffffffff, ABSOLUTE)

    Exec Addr    Load Addr    Size         Type   Attr      Idx    E Section Name        Object

    0x20000000   0x08001594   0x00000004   Data   RW          651    .data.SystemCoreClock  system_stm32l0xx.o


    Execution Region ER_ZI (Exec base: 0x20000008, Load base: 0x08001598, Size: 0x000006c0, Max: 0xffffffff, ABSOLUTE)

    Exec Addr    Load Addr    Size         Type   Attr      Idx    E Section Name        Object

    0x20000008        -       0x00000060   Zero   RW          725    .bss                c_p.l(libspace.o)
    0x20000068        -       0x00000004   Zero   RW           28    .bss.delay_time     delay.o
    0x2000006c        -       0x00000054   Zero   RW           15    .bss.hi2c1          main.o
    0x200000c0        -       0x00000004   Zero   RW          128    .bss.uwTick         stm32l0xx_hal.o
    0x200000c4   0x08001598   0x00000004   PAD
    0x200000c8        -       0x00000200   Zero   RW          638    HEAP                startup_stm32l031xx.o
    0x200002c8        -       0x00000400   Zero   RW          637    STACK               startup_stm32l031xx.o


==============================================================================

Image component sizes


      Code (inc. data)   RO Data    RW Data    ZI Data      Debug   Object Name

        56          4          0          0          4        682   delay.o
       532         64         16          0         84       7512   main.o
       532         12        455          0          0       2345   ssd1306.o
        56         26        192          0       1536        660   startup_stm32l031xx.o
        12          4          0          0          4       6690   stm32l0xx_hal.o
       780         36          0          0          0       4939   stm32l0xx_hal_gpio.o
      1938         20          0          0          0      37205   stm32l0xx_hal_i2c.o
         2          0          0          4          0       2015   system_stm32l0xx.o

    ----------------------------------------------------------------------
      3912        166        696          4       1632      62048   Object Totals
         0          0         32          0          0          0   (incl. Generated)
         4          0          1          0          4          0   (incl. Padding)

    ----------------------------------------------------------------------

      Code (inc. data)   RO Data    RW Data    ZI Data      Debug   Library Member Name

         8          0          0          0          0         68   __main.o
         0          0          0          0          0          0   __rtentry.o
        12          0          0          0          0          0   __rtentry2.o
         6          0          0          0          0          0   __rtentry4.o
        86         10          0          0          0          0   __scatter.o
        26          0          0          0          0          0   __scatter_copy.o
        28          0          0          0          0          0   __scatter_zi.o
       364          4          0          0          0         92   aeabi_sdiv.o
        16          0          0          0          0         68   exit.o
         6          0          0          0          0        136   heapauxi.o
         0          0          0          0          0          0   indicate_semi.o
         2          0          0          0          0          0   libinit.o
         2          0          0          0          0          0   libinit2.o
         2          0          0          0          0          0   libshutdown.o
         2          0          0          0          0          0   libshutdown2.o
         8          4          0          0         96         68   libspace.o
        64          0          0          0          0        108   rt_memclr.o
       186          0          0          0          0        144   rt_memcpy.o
         2          0          0          0          0          0   rtexit.o
        10          0          0          0          0          0   rtexit2.o
        12          4          0          0          0         60   sys_exit.o
        62          0          0          0          0         80   sys_stackheap_outer.o
         2          0          0          0          0         68   use_no_semi.o

    ----------------------------------------------------------------------
       916         22          0          0         96        892   Library Totals
        10          0          0          0          0          0   (incl. Padding)

    ----------------------------------------------------------------------

      Code (inc. data)   RO Data    RW Data    ZI Data      Debug   Library Name

       906         22          0          0         96        892   c_p.l

    ----------------------------------------------------------------------
       916         22          0          0         96        892   Library Totals

    ----------------------------------------------------------------------

==============================================================================


      Code (inc. data)   RO Data    RW Data    ZI Data      Debug   

      4828        188        696          4       1728      62604   Grand Totals
      4828        188        696          4       1728      62604   ELF Image Totals
      4828        188        696          4          0          0   ROM Totals

==============================================================================

    Total RO  Size (Code + RO Data)                 5524 (   5.39kB)
    Total RW  Size (RW Data + ZI Data)              1732 (   1.69kB)
    Total ROM Size (Code + RO Data + RW Data)       5528 (   5.40kB)

==============================================================================

